 PhysXCooking_64

 Timestamp is 64be004c (Mon Jul 24 10:08:36 2023)

 Preferred load address is 0000000180000000

 Start         Length     Name                   Class
 0001:00000000 00000060H .text$di                CODE
 0001:00000060 0001eb60H .text$mn                CODE
 0001:0001ebc0 00000040H .text$mn$00             CODE
 0001:0001ec00 00000680H .text$x                 CODE
 0002:00000000 00000280H .idata$5                DATA
 0002:00000280 00000038H .00cfg                  DATA
 0002:000002b8 00000008H .CRT$XCA                DATA
 0002:000002c0 00000030H .CRT$XCU                DATA
 0002:000002f0 00000008H .CRT$XCZ                DATA
 0002:000002f8 00000008H .CRT$XIA                DATA
 0002:00000300 00000018H .CRT$XIC                DATA
 0002:00000318 00000008H .CRT$XIZ                DATA
 0002:00000320 00000008H .CRT$XPA                DATA
 0002:00000328 00000010H .CRT$XPX                DATA
 0002:00000338 00000008H .CRT$XPXA               DATA
 0002:00000340 00000008H .CRT$XPZ                DATA
 0002:00000348 00000008H .CRT$XTA                DATA
 0002:00000350 00000010H .CRT$XTZ                DATA
 0002:00000358 00000000H .gehcont$y              DATA
 0002:00000358 00000000H .gfids$y                DATA
 0002:00000360 00008da0H .rdata                  DATA
 0002:00009100 00000000H .rdata$CastGuardVftablesA DATA
 0002:00009100 00000000H .rdata$CastGuardVftablesC DATA
 0002:00009100 0000043cH .rdata$r                DATA
 0002:0000953c 00000154H .rdata$voltmd           DATA
 0002:00009690 00000428H .rdata$zzzdbg           DATA
 0002:00009ab8 00000008H .rtc$IAA                DATA
 0002:00009ac0 00000008H .rtc$IZZ                DATA
 0002:00009ac8 00000008H .rtc$TAA                DATA
 0002:00009ad0 00000008H .rtc$TZZ                DATA
 0002:00009ad8 00001620H .xdata                  DATA
 0002:0000b0f8 00000084H .xdata$x                DATA
 0002:0000b17c 00000040H .didat$2                DATA
 0002:0000b1bc 00000024H .didat$3                DATA
 0002:0000b1e0 000000d8H .didat$4                DATA
 0002:0000b2b8 00000280H .didat$6                DATA
 0002:0000b538 000000d8H .didat$7                DATA
 0002:0000b610 00000b04H .edata                  DATA
 0002:0000c114 00000014H .idata$2                DATA
 0002:0000c128 00000018H .idata$3                DATA
 0002:0000c140 00000280H .idata$4                DATA
 0002:0000c3c0 000005baH .idata$6                DATA
 0003:00000000 00000a00H .data                   DATA
 0003:00000a00 000000e0H .data$r                 DATA
 0003:00000ae0 000000f0H .data$rs                DATA
 0003:00000bd0 000000e0H .didat$5                DATA
 0003:00000cb0 00001260H .bss                    DATA
 0004:00000000 000018e4H .pdata                  DATA
 0005:00000000 0000015cH _RDATA                  DATA
 0006:00000000 000000a0H .rsrc$01                DATA
 0006:000000a0 000004b0H .rsrc$02                DATA

  Address         Publics by Value              Rva+Base               Lib:Object

 0000:00000000       __AbsoluteZero             0000000000000000     <absolute>
 0000:00000000       ___safe_se_handler_count   0000000000000000     <absolute>
 0000:00000000       ___safe_se_handler_table   0000000000000000     <absolute>
 0000:00000000       __arm64x_extra_rfe_table   0000000000000000     <absolute>
 0000:00000000       __arm64x_extra_rfe_table_size 0000000000000000     <absolute>
 0000:00000000       __arm64x_native_entrypoint 0000000000000000     <absolute>
 0000:00000000       __arm64x_redirection_metadata 0000000000000000     <absolute>
 0000:00000000       __arm64x_redirection_metadata_count 0000000000000000     <absolute>
 0000:00000000       __dynamic_value_reloc_table 0000000000000000     <absolute>
 0000:00000000       __enclave_config           0000000000000000     <absolute>
 0000:00000000       __guard_check_icall_a64n_fptr 0000000000000000     <absolute>
 0000:00000000       __guard_eh_cont_count      0000000000000000     <absolute>
 0000:00000000       __guard_eh_cont_table      0000000000000000     <absolute>
 0000:00000000       __guard_fids_count         0000000000000000     <absolute>
 0000:00000000       __guard_fids_table         0000000000000000     <absolute>
 0000:00000000       __guard_iat_count          0000000000000000     <absolute>
 0000:00000000       __guard_iat_table          0000000000000000     <absolute>
 0000:00000000       __guard_longjmp_count      0000000000000000     <absolute>
 0000:00000000       __guard_longjmp_table      0000000000000000     <absolute>
 0000:00000000       __hybrid_auxiliary_delayload_iat 0000000000000000     <absolute>
 0000:00000000       __hybrid_auxiliary_delayload_iat_copy 0000000000000000     <absolute>
 0000:00000000       __hybrid_auxiliary_iat     0000000000000000     <absolute>
 0000:00000000       __hybrid_auxiliary_iat_copy 0000000000000000     <absolute>
 0000:00000000       __hybrid_code_map          0000000000000000     <absolute>
 0000:00000000       __hybrid_code_map_count    0000000000000000     <absolute>
 0000:00000000       __x64_code_ranges_to_entry_points 0000000000000000     <absolute>
 0000:00000000       __x64_code_ranges_to_entry_points_count 0000000000000000     <absolute>
 0000:00000100       __guard_flags              0000000000000100     <absolute>
 0000:00000000       __ImageBase                0000000180000000     <linker-defined>
 0001:00000060       ??$copy@V?$PxReflectionAllocator@USlab@NodeAllocator@Gu@physx@@@physx@@@?$PxArray@USlab@NodeAllocator@Gu@physx@@V?$PxReflectionAllocator@USlab@NodeAllocator@Gu@physx@@@4@@physx@@IEAAXAEBV01@@Z 0000000180001060 f i Cooking.obj
 0001:000000e0       ??0AABBTreeBounds@Gu@physx@@QEAA@XZ 00000001800010e0 f i Cooking.obj
 0001:000000f0       ??0AABBTreeBuildNode@Gu@physx@@QEAA@AEBV012@@Z 00000001800010f0 f i Cooking.obj
 0001:000000f0       ??4AABBTreeBuildNode@Gu@physx@@QEAAAEAV012@AEBV012@@Z 00000001800010f0 f i Cooking.obj
 0001:00000130       ??0AABBTreeBuildNode@Gu@physx@@QEAA@XZ 0000000180001130 f i Cooking.obj
 0001:00000130       ??4PxFoundation@physx@@QEAAAEAV01@AEBV01@@Z 0000000180001130 f i Cooking.obj
 0001:00000130       ?getAABB@AABBTreeBuildNode@Gu@physx@@QEBAAEBVPxBounds3@3@XZ 0000000180001130 f i Cooking.obj
 0001:00000140       ??0AABBTreeBuildParams@Gu@physx@@QEAA@IIPEBVAABBTreeBounds@12@W4BVHBuildStrategy@12@@Z 0000000180001140 f i Cooking.obj
 0001:00000160       ??0NodeAllocator@Gu@physx@@QEAA@AEBV012@@Z 0000000180001160 f i Cooking.obj
 0001:000001a0       ??0PxFoundation@physx@@QEAA@AEBV01@@Z 00000001800011a0 f i Cooking.obj
 0001:000001a0       ??0PxFoundation@physx@@QEAA@XZ 00000001800011a0 f i Cooking.obj
 0001:000001b0       ??1AABBTreeBounds@Gu@physx@@QEAA@XZ 00000001800011b0 f i Cooking.obj
 0001:000001c0       ??1AABBTreeBuildNode@Gu@physx@@QEAA@XZ 00000001800011c0 f i Cooking.obj
 0001:000001c0       _guard_check_icall_nop     00000001800011c0 f i LIBCMT:guard_support.obj
 0001:000001d0       ??1AABBTreeBuildParams@Gu@physx@@QEAA@XZ 00000001800011d0 f i Cooking.obj
 0001:000001d0       ?reset@AABBTreeBuildParams@Gu@physx@@QEAAXXZ 00000001800011d0 f i Cooking.obj
 0001:00000220       ??1PxFoundation@physx@@MEAA@XZ 0000000180001220 f i Cooking.obj
 0001:00000230       ??4AABBTreeBounds@Gu@physx@@QEAAAEAV012@AEBV012@@Z 0000000180001230 f i Cooking.obj
 0001:00000240       ??4AABBTreeBuildParams@Gu@physx@@QEAAAEAV012@AEBV012@@Z 0000000180001240 f i Cooking.obj
 0001:00000260       ??4NodeAllocator@Gu@physx@@QEAAAEAV012@AEBV012@@Z 0000000180001260 f i Cooking.obj
 0001:00000310       ??_EPxFoundation@physx@@MEAAPEAXI@Z 0000000180001310 f i Cooking.obj
 0001:000003a0       ??_FAABBTreeBuildParams@Gu@physx@@QEAAXXZ 00000001800013a0 f i Cooking.obj
 0001:000003c0       ?allocate@?$PxArray@USlab@NodeAllocator@Gu@physx@@V?$PxReflectionAllocator@USlab@NodeAllocator@Gu@physx@@@4@@physx@@IEAAPEAUSlab@NodeAllocator@Gu@2@I@Z 00000001800013c0 f i Cooking.obj
 0001:00000470       ?getBounds@AABBTreeBounds@Gu@physx@@QEAAPEAVPxBounds3@3@XZ 0000000180001470 f i Cooking.obj
 0001:00000470       ?getBounds@AABBTreeBounds@Gu@physx@@QEBAPEBVPxBounds3@3@XZ 0000000180001470 f i Cooking.obj
 0001:00000480       ?getNbPrimitives@AABBTreeBuildNode@Gu@physx@@QEBAIXZ 0000000180001480 f i Cooking.obj
 0001:00000480       ?getNbRuntimePrimitives@AABBTreeBuildNode@Gu@physx@@QEBAIXZ 0000000180001480 f i Cooking.obj
 0001:00000490       ?getNeg@AABBTreeBuildNode@Gu@physx@@QEBAPEBV123@XZ 0000000180001490 f i Cooking.obj
 0001:000004b0       ?getPos@AABBTreeBuildNode@Gu@physx@@QEBAPEBV123@XZ 00000001800014b0 f i Cooking.obj
 0001:000004c0       ?getPrimitives@AABBTreeBuildNode@Gu@physx@@QEAAPEAIPEAI@Z 00000001800014c0 f i Cooking.obj
 0001:000004c0       ?getPrimitives@AABBTreeBuildNode@Gu@physx@@QEBAPEBIPEBI@Z 00000001800014c0 f i Cooking.obj
 0001:000004d0       ?isLeaf@AABBTreeBuildNode@Gu@physx@@QEBA_NXZ 00000001800014d0 f i Cooking.obj
 0001:000004e0       ?moveFrom@AABBTreeBounds@Gu@physx@@QEAAXAEAV123@@Z 00000001800014e0 f i Cooking.obj
 0001:000004f0       ?ownsMemory@AABBTreeBounds@Gu@physx@@QEBA_NXZ 00000001800014f0 f i Cooking.obj
 0001:00000500       ?recreate@?$PxArray@USlab@NodeAllocator@Gu@physx@@V?$PxReflectionAllocator@USlab@NodeAllocator@Gu@physx@@@4@@physx@@IEAAXI@Z 0000000180001500 f i Cooking.obj
 0001:000005b0       ?setBounds@AABBTreeBounds@Gu@physx@@QEAAXPEAVPxBounds3@3@@Z 00000001800015b0 f i Cooking.obj
 0001:000005c0       ?setNbRunTimePrimitives@AABBTreeBuildNode@Gu@physx@@QEAAXI@Z 00000001800015c0 f i Cooking.obj
 0001:000005d0       ?takeOwnership@AABBTreeBounds@Gu@physx@@QEAAXXZ 00000001800015d0 f i Cooking.obj
 0001:000005e0       PxAssembleSoftBodyMesh     00000001800015e0 f   Cooking.obj
 0001:000005f0       PxAssembleSoftBodyMesh_Sim 00000001800015f0 f   Cooking.obj
 0001:00000600       PxComputeCollisionData     0000000180001600 f   Cooking.obj
 0001:00000610       PxComputeHullPolygons      0000000180001610 f   Cooking.obj
 0001:00000620       PxComputeModelsMapping     0000000180001620 f   Cooking.obj
 0001:00000630       PxComputeSimulationData    0000000180001630 f   Cooking.obj
 0001:00000640       PxCookBVH                  0000000180001640 f   Cooking.obj
 0001:00000650       PxCookConvexMesh           0000000180001650 f   Cooking.obj
 0001:00000660       PxCookHeightField          0000000180001660 f   Cooking.obj
 0001:00000670       PxCookSoftBodyMesh         0000000180001670 f   Cooking.obj
 0001:00000680       PxCookTetrahedronMesh      0000000180001680 f   Cooking.obj
 0001:00000690       PxCookTriangleMesh         0000000180001690 f   Cooking.obj
 0001:000006a0       PxCreateBVH                00000001800016a0 f   Cooking.obj
 0001:000006b0       PxCreateBVHInternal        00000001800016b0 f   Cooking.obj
 0001:00000760       PxCreateConvexMesh         0000000180001760 f   Cooking.obj
 0001:00000770       PxCreateHeightField        0000000180001770 f   Cooking.obj
 0001:00000780       PxCreateSoftBodyMesh       0000000180001780 f   Cooking.obj
 0001:00000790       PxCreateTetrahedronMesh    0000000180001790 f   Cooking.obj
 0001:000007a0       PxCreateTriangleMesh       00000001800017a0 f   Cooking.obj
 0001:000007b0       PxCreateTriangleMeshInternal 00000001800017b0 f   Cooking.obj
 0001:00000850       PxGetStandaloneInsertionCallback 0000000180001850 f   Cooking.obj
 0001:00000860       PxValidateConvexMesh       0000000180001860 f   Cooking.obj
 0001:00000870       PxValidateTriangleMesh     0000000180001870 f   Cooking.obj
 0001:00000880       ?cookingDelayHook@@YAP6A_JXZIPEAUDelayLoadInfo@@@Z 0000000180001880 f   WindowsCookingDelayLoadHook.obj
 0001:00000960       PxSetPhysXCookingDelayLoadHook 0000000180001960 f   WindowsCookingDelayLoadHook.obj
 0001:00000968       __imp_load_getInsertionCallback 0000000180001968 f   PhysXCommon_64:PhysXCommon_64.dll
 0001:00000974       getInsertionCallback       0000000180001974 f   PhysXCommon_64:PhysXCommon_64.dll
 0001:0000097a       __tailMerge_physxcommon_64_dll 000000018000197a     PhysXCommon_64:PhysXCommon_64.dll
 0001:000009f3       __imp_load_cookBVH         00000001800019f3 f   PhysXCommon_64:PhysXCommon_64.dll
 0001:000009ff       cookBVH                    00000001800019ff f   PhysXCommon_64:PhysXCommon_64.dll
 0001:00000a05       __imp_load_createBVH       0000000180001a05 f   PhysXCommon_64:PhysXCommon_64.dll
 0001:00000a11       createBVH                  0000000180001a11 f   PhysXCommon_64:PhysXCommon_64.dll
 0001:00000a17       __imp_load_cookHeightField 0000000180001a17 f   PhysXCommon_64:PhysXCommon_64.dll
 0001:00000a23       cookHeightField            0000000180001a23 f   PhysXCommon_64:PhysXCommon_64.dll
 0001:00000a29       __imp_load_createHeightField 0000000180001a29 f   PhysXCommon_64:PhysXCommon_64.dll
 0001:00000a35       createHeightField          0000000180001a35 f   PhysXCommon_64:PhysXCommon_64.dll
 0001:00000a3b       __imp_load_cookConvexMesh  0000000180001a3b f   PhysXCommon_64:PhysXCommon_64.dll
 0001:00000a47       cookConvexMesh             0000000180001a47 f   PhysXCommon_64:PhysXCommon_64.dll
 0001:00000a4d       __imp_load_createConvexMesh 0000000180001a4d f   PhysXCommon_64:PhysXCommon_64.dll
 0001:00000a59       createConvexMesh           0000000180001a59 f   PhysXCommon_64:PhysXCommon_64.dll
 0001:00000a5f       __imp_load_validateConvexMesh 0000000180001a5f f   PhysXCommon_64:PhysXCommon_64.dll
 0001:00000a6b       validateConvexMesh         0000000180001a6b f   PhysXCommon_64:PhysXCommon_64.dll
 0001:00000a71       __imp_load_computeHullPolygons 0000000180001a71 f   PhysXCommon_64:PhysXCommon_64.dll
 0001:00000a7d       computeHullPolygons        0000000180001a7d f   PhysXCommon_64:PhysXCommon_64.dll
 0001:00000a83       __imp_load_validateTriangleMesh 0000000180001a83 f   PhysXCommon_64:PhysXCommon_64.dll
 0001:00000a8f       validateTriangleMesh       0000000180001a8f f   PhysXCommon_64:PhysXCommon_64.dll
 0001:00000a95       __imp_load_createTriangleMesh 0000000180001a95 f   PhysXCommon_64:PhysXCommon_64.dll
 0001:00000aa1       createTriangleMesh         0000000180001aa1 f   PhysXCommon_64:PhysXCommon_64.dll
 0001:00000aa7       __imp_load_cookTriangleMesh 0000000180001aa7 f   PhysXCommon_64:PhysXCommon_64.dll
 0001:00000ab3       cookTriangleMesh           0000000180001ab3 f   PhysXCommon_64:PhysXCommon_64.dll
 0001:00000ab9       __imp_load_cookTetrahedronMesh 0000000180001ab9 f   PhysXCommon_64:PhysXCommon_64.dll
 0001:00000ac5       cookTetrahedronMesh        0000000180001ac5 f   PhysXCommon_64:PhysXCommon_64.dll
 0001:00000acb       __imp_load_createTetrahedronMesh 0000000180001acb f   PhysXCommon_64:PhysXCommon_64.dll
 0001:00000ad7       createTetrahedronMesh      0000000180001ad7 f   PhysXCommon_64:PhysXCommon_64.dll
 0001:00000add       __imp_load_cookSoftBodyMesh 0000000180001add f   PhysXCommon_64:PhysXCommon_64.dll
 0001:00000ae9       cookSoftBodyMesh           0000000180001ae9 f   PhysXCommon_64:PhysXCommon_64.dll
 0001:00000aef       __imp_load_createSoftBodyMesh 0000000180001aef f   PhysXCommon_64:PhysXCommon_64.dll
 0001:00000afb       createSoftBodyMesh         0000000180001afb f   PhysXCommon_64:PhysXCommon_64.dll
 0001:00000b01       __imp_load_computeModelsMapping 0000000180001b01 f   PhysXCommon_64:PhysXCommon_64.dll
 0001:00000b0d       computeModelsMapping       0000000180001b0d f   PhysXCommon_64:PhysXCommon_64.dll
 0001:00000b13       __imp_load_computeCollisionData 0000000180001b13 f   PhysXCommon_64:PhysXCommon_64.dll
 0001:00000b1f       computeCollisionData       0000000180001b1f f   PhysXCommon_64:PhysXCommon_64.dll
 0001:00000b25       __imp_load_computeSimulationData 0000000180001b25 f   PhysXCommon_64:PhysXCommon_64.dll
 0001:00000b31       computeSimulationData      0000000180001b31 f   PhysXCommon_64:PhysXCommon_64.dll
 0001:00000b37       __imp_load_assembleSoftBodyMesh 0000000180001b37 f   PhysXCommon_64:PhysXCommon_64.dll
 0001:00000b43       assembleSoftBodyMesh       0000000180001b43 f   PhysXCommon_64:PhysXCommon_64.dll
 0001:00000b49       __imp_load_assembleSoftBodyMesh_Sim 0000000180001b49 f   PhysXCommon_64:PhysXCommon_64.dll
 0001:00000b55       assembleSoftBodyMesh_Sim   0000000180001b55 f   PhysXCommon_64:PhysXCommon_64.dll
 0001:00000b5b       __imp_load_?release@AABBTreeBounds@Gu@physx@@QEAAXXZ 0000000180001b5b f   PhysXCommon_64:PhysXCommon_64.dll
 0001:00000b67       ?release@AABBTreeBounds@Gu@physx@@QEAAXXZ 0000000180001b67 f   PhysXCommon_64:PhysXCommon_64.dll
 0001:00000b6d       __imp_load_??0BVH@Gu@physx@@QEAA@AEBUPxBVHInternalData@2@@Z 0000000180001b6d f   PhysXCommon_64:PhysXCommon_64.dll
 0001:00000b79       ??0BVH@Gu@physx@@QEAA@AEBUPxBVHInternalData@2@@Z 0000000180001b79 f   PhysXCommon_64:PhysXCommon_64.dll
 0001:00000b7f       __imp_load_??0BV4TriangleMesh@Gu@physx@@QEAA@AEBUPxTriangleMeshInternalData@2@@Z 0000000180001b7f f   PhysXCommon_64:PhysXCommon_64.dll
 0001:00000b8b       ??0BV4TriangleMesh@Gu@physx@@QEAA@AEBUPxTriangleMeshInternalData@2@@Z 0000000180001b8b f   PhysXCommon_64:PhysXCommon_64.dll
 0001:00000b91       __imp_load_PxGetBroadcastAllocator 0000000180001b91 f   PhysXFoundation_64:PhysXFoundation_64.dll
 0001:00000b9d       PxGetBroadcastAllocator    0000000180001b9d f   PhysXFoundation_64:PhysXFoundation_64.dll
 0001:00000ba3       __tailMerge_physxfoundation_64_dll 0000000180001ba3     PhysXFoundation_64:PhysXFoundation_64.dll
 0001:00000c1c       ?DloadAcquireSectionWriteAccess@@YAXXZ 0000000180001c1c f i Delayimp:delayhlp.obj
 0001:00000cc8       ?DloadGetSRWLockFunctionPointers@@YAEXZ 0000000180001cc8 f i Delayimp:delayhlp.obj
 0001:00000d68       ?DloadMakePermanentImageCommit@@YAXPEAX_K@Z 0000000180001d68 f i Delayimp:delayhlp.obj
 0001:00000e00       ?DloadObtainSection@@YAPEAXPEAK0@Z 0000000180001e00 f i Delayimp:delayhlp.obj
 0001:00000e9c       ?DloadProtectSection@@YAXKPEAK@Z 0000000180001e9c f i Delayimp:delayhlp.obj
 0001:00000f2c       ?DloadReleaseSectionWriteAccess@@YAXXZ 0000000180001f2c f i Delayimp:delayhlp.obj
 0001:00000fc0       __delayLoadHelper2         0000000180001fc0 f   Delayimp:delayhlp.obj
 0001:00001298       ??3@YAXPEAX@Z              0000000180002298 f   LIBCMT:delete_scalar.obj
 0001:000012a0       ??3@YAXPEAX_K@Z            00000001800022a0 f   LIBCMT:delete_scalar_size.obj
 0001:000012a0       ??_V@YAXPEAX@Z             00000001800022a0 f   LIBCMT:delete_array.obj
 0001:000012a8       ??_V@YAXPEAX_K@Z           00000001800022a8 f   LIBCMT:delete_array_size.obj
 0001:000012b0       ??_Etype_info@@UEAAPEAXI@Z 00000001800022b0 f i LIBCMT:std_type_info_static.obj
 0001:000012b0       ??_Gtype_info@@UEAAPEAXI@Z 00000001800022b0 f i LIBCMT:std_type_info_static.obj
 0001:000012dc       ?__scrt_initialize_type_info@@YAXXZ 00000001800022dc f   LIBCMT:tncleanup.obj
 0001:000012ec       ?__scrt_uninitialize_type_info@@YAXXZ 00000001800022ec f   LIBCMT:tncleanup.obj
 0001:00001618       _DllMainCRTStartup         0000000180002618 f   LIBCMT:dll_dllmain.obj
 0001:00001658       __security_init_cookie     0000000180002658 f   LIBCMT:gs_support.obj
 0001:00001704       ?length@charNode@@UEBAHXZ  0000000180002704 f   libvcruntime:undname.obj
 0001:00001704       ?raw_length@charNode@@UEBAHXZ 0000000180002704 f   libvcruntime:undname.obj
 0001:00001704       DllMain                    0000000180002704 f   LIBCMT:dll_dllmain_stub.obj
 0001:00001704       _get_startup_argv_mode     0000000180002704 f   LIBCMT:argv_mode.obj
 0001:0000170c       __local_stdio_printf_options 000000018000270c f i LIBCMT:default_local_stdio_options.obj
 0001:00001714       __local_stdio_scanf_options 0000000180002714 f i LIBCMT:default_local_stdio_options.obj
 0001:0000171c       __scrt_initialize_default_local_stdio_options 000000018000271c f   LIBCMT:default_local_stdio_options.obj
 0001:00001738       __scrt_acquire_startup_lock 0000000180002738 f   LIBCMT:utility.obj
 0001:00001774       __scrt_dllmain_after_initialize_c 0000000180002774 f   LIBCMT:utility.obj
 0001:000017a8       __scrt_dllmain_before_initialize_c 00000001800027a8 f   LIBCMT:utility.obj
 0001:000017c0       __scrt_dllmain_crt_thread_attach 00000001800027c0 f   LIBCMT:utility.obj
 0001:000017e8       __scrt_dllmain_crt_thread_detach 00000001800027e8 f   LIBCMT:utility.obj
 0001:00001800       __scrt_dllmain_exception_filter 0000000180002800 f   LIBCMT:utility.obj
 0001:00001860       __scrt_dllmain_uninitialize_c 0000000180002860 f   LIBCMT:utility.obj
 0001:00001890       __scrt_dllmain_uninitialize_critical 0000000180002890 f   LIBCMT:utility.obj
 0001:000018a4       __scrt_initialize_crt      00000001800028a4 f   LIBCMT:utility.obj
 0001:000018f0       __scrt_initialize_onexit_tables 00000001800028f0 f   LIBCMT:utility.obj
 0001:0000197c       __scrt_is_nonwritable_in_current_image 000000018000297c f   LIBCMT:utility.obj
 0001:00001a14       __scrt_release_startup_lock 0000000180002a14 f   LIBCMT:utility.obj
 0001:00001a38       __scrt_uninitialize_crt    0000000180002a38 f   LIBCMT:utility.obj
 0001:00001a64       __scrt_get_dyn_tls_init_callback 0000000180002a64 f   LIBCMT:dyn_tls_init.obj
 0001:00001a6c       __crt_debugger_hook        0000000180002a6c f   LIBCMT:utility_desktop.obj
 0001:00001a74       __scrt_fastfail            0000000180002a74 f   LIBCMT:utility_desktop.obj
 0001:00001bc0       _RTC_Initialize            0000000180002bc0 f   LIBCMT:initsect.obj
 0001:00001bfc       _RTC_Terminate             0000000180002bfc f   LIBCMT:initsect.obj
 0001:00001c40       __isa_available_init       0000000180002c40 f   LIBCMT:cpu_disp.obj
 0001:00001dec       __scrt_is_ucrt_dll_in_use  0000000180002dec f   LIBCMT:ucrt_detection.obj
 0001:00001df8       _get_purecall_handler      0000000180002df8 f   libvcruntime:purevirt.obj
 0001:00001e04       _purecall                  0000000180002e04 f   libvcruntime:purevirt.obj
 0001:00001e28       __std_type_info_compare    0000000180002e28 f   libvcruntime:std_type_info.obj
 0001:00001e50       __std_type_info_destroy_list 0000000180002e50 f   libvcruntime:std_type_info.obj
 0001:00001e7c       __std_type_info_name       0000000180002e7c f   libvcruntime:std_type_info.obj
 0001:00001fb0       memset_repstos             0000000180002fb0 f   libvcruntime:memset.obj
 0001:00001fd0       memset                     0000000180002fd0 f   libvcruntime:memset.obj
 0001:00002358       strstr                     0000000180003358 f   libvcruntime:strstr.obj
 0001:00002550       __C_specific_handler       0000000180003550 f   libvcruntime:riscchandler.obj
 0001:00002748       __vcrt_initialize          0000000180003748 f   libvcruntime:initialization.obj
 0001:00002770       __vcrt_thread_attach       0000000180003770 f   libvcruntime:initialization.obj
 0001:00002784       __vcrt_thread_detach       0000000180003784 f   libvcruntime:initialization.obj
 0001:00002798       __vcrt_uninitialize        0000000180003798 f   libvcruntime:initialization.obj
 0001:000027b4       __vcrt_uninitialize_critical 00000001800037b4 f   libvcruntime:initialization.obj
 0001:000027c4       __DestructExceptionObject  00000001800037c4 f   libvcruntime:ehhelpers.obj
 0001:00002834       ?_CallMemberFunction0@@YAXQEAX0@Z 0000000180003834 f i libvcruntime:ehhelpers.obj
 0001:00002838       _IsExceptionObjectToBeDestroyed 0000000180003838 f   libvcruntime:ehhelpers.obj
 0001:00002868       __AdjustPointer            0000000180003868 f   libvcruntime:ehhelpers.obj
 0001:0000288c       __FrameUnwindFilter        000000018000388c f   libvcruntime:ehhelpers.obj
 0001:000028f4       __std_terminate            00000001800038f4 f   libvcruntime:ehhelpers.obj
 0001:00002900       ??$?0$00@DName@@QEAA@PEBDU?$StringLifeSelector@$00@@@Z 0000000180003900 f i libvcruntime:undname.obj
 0001:00002940       ??$?0$01@DName@@QEAA@PEBDU?$StringLifeSelector@$01@@@Z 0000000180003940 f i libvcruntime:undname.obj
 0001:00002940       ??$?0$0A@@DName@@QEAA@PEBDU?$StringLifeSelector@$0A@@@@Z 0000000180003940 f i libvcruntime:undname.obj
 0001:00002980       ??$?0$01@pcharNode@@QEAA@PEBDHU?$StringLifeSelector@$01@@@Z 0000000180003980 f i libvcruntime:undname.obj
 0001:00002980       ??$?0$0A@@pcharNode@@QEAA@PEBDHU?$StringLifeSelector@$0A@@@@Z 0000000180003980 f i libvcruntime:undname.obj
 0001:000029f4       ??$append@VDNameNode@@@DName@@AEAAXPEBVDNameNode@@@Z 00000001800039f4 f i libvcruntime:undname.obj
 0001:000029f4       ??$append@VDNameStatusNode@@@DName@@AEAAXPEBVDNameStatusNode@@@Z 00000001800039f4 f i libvcruntime:undname.obj
 0001:000029f4       ??$append@VcharNode@@@DName@@AEAAXPEBVcharNode@@@Z 00000001800039f4 f i libvcruntime:undname.obj
 0001:000029f4       ??$append@VpcharNode@@@DName@@AEAAXPEBVpcharNode@@@Z 00000001800039f4 f i libvcruntime:undname.obj
 0001:00002a58       ??$doPchar@$00@DName@@AEAAXPEBDH@Z 0000000180003a58 f i libvcruntime:undname.obj
 0001:00002afc       ??$doPchar@$01@DName@@AEAAXPEBDH@Z 0000000180003afc f i libvcruntime:undname.obj
 0001:00002afc       ??$doPchar@$0A@@DName@@AEAAXPEBDH@Z 0000000180003afc f i libvcruntime:undname.obj
 0001:00002b94       ??0DName@@QEAA@AEAPEBDD@Z  0000000180003b94 f   libvcruntime:undname.obj
 0001:00002c44       ??0DName@@QEAA@AEBUStringLiteral@@@Z 0000000180003c44 f   libvcruntime:undname.obj
 0001:00002c70       ??0DName@@QEAA@PEAV0@@Z    0000000180003c70 f   libvcruntime:undname.obj
 0001:00002cf4       ??0DName@@QEAA@_J@Z        0000000180003cf4 f   libvcruntime:undname.obj
 0001:00002d9c       ??0DName@@QEAA@_K@Z        0000000180003d9c f   libvcruntime:undname.obj
 0001:00002e2c       ??2@YAPEAX_KAEAV_HeapManager@@H@Z 0000000180003e2c f   libvcruntime:undname.obj
 0001:00002e58       ??4DName@@QEAAAEAV0@W4DNameStatus@@@Z 0000000180003e58 f   libvcruntime:undname.obj
 0001:00002e88       ??AReplicator@@QEBA?AVDName@@H@Z 0000000180003e88 f   libvcruntime:undname.obj
 0001:00002ec8       ??HDName@@QEBA?AV0@AEBUStringLiteral@@@Z 0000000180003ec8 f   libvcruntime:undname.obj
 0001:00002ef4       ??HDName@@QEBA?AV0@AEBV0@@Z 0000000180003ef4 f   libvcruntime:undname.obj
 0001:00002f20       ??HDName@@QEBA?AV0@D@Z     0000000180003f20 f   libvcruntime:undname.obj
 0001:00002f4c       ??HDName@@QEBA?AV0@W4DNameStatus@@@Z 0000000180003f4c f   libvcruntime:undname.obj
 0001:00002f78       ??YDName@@QEAAAEAV0@AEBUStringLiteral@@@Z 0000000180003f78 f   libvcruntime:undname.obj
 0001:00002ff8       ??YDName@@QEAAAEAV0@AEBV0@@Z 0000000180003ff8 f   libvcruntime:undname.obj
 0001:00003050       ??YDName@@QEAAAEAV0@D@Z    0000000180004050 f   libvcruntime:undname.obj
 0001:000030bc       ??YDName@@QEAAAEAV0@W4DNameStatus@@@Z 00000001800040bc f   libvcruntime:undname.obj
 0001:00003114       ??YReplicator@@QEAAAEAV0@AEBVDName@@@Z 0000000180004114 f   libvcruntime:undname.obj
 0001:0000316c       ?UScore@UnDecorator@@SA?AUStringLiteral@@W4Tokens@@@Z 000000018000416c f   libvcruntime:undname.obj
 0001:000031b8       ?composeDeclaration@UnDecorator@@CA?AVDName@@AEBV2@@Z 00000001800041b8 f i libvcruntime:undname.obj
 0001:000040ac       ?doPchar@DName@@AEAAXD@Z   00000001800050ac f   libvcruntime:undname.obj
 0001:000040fc       ?getAddressOf@UnDecorator@@CA?AVDName@@XZ 00000001800050fc f   libvcruntime:undname.obj
 0001:0000418c       ?getArgumentList@UnDecorator@@CA?AVDName@@XZ 000000018000518c f   libvcruntime:undname.obj
 0001:00004340       ?getArgumentTypes@UnDecorator@@CA?AVDName@@XZ 0000000180005340 f   libvcruntime:undname.obj
 0001:0000448c       ?getArrayAccess@UnDecorator@@CA?AVDName@@XZ 000000018000548c f   libvcruntime:undname.obj
 0001:00004528       ?getArrayObject@UnDecorator@@CA?AVDName@@XZ 0000000180005528 f   libvcruntime:undname.obj
 0001:000045e4       ?getArrayType@UnDecorator@@CA?AVDName@@AEBV2@@Z 00000001800055e4 f i libvcruntime:undname.obj
 0001:00004850       ?getBasedType@UnDecorator@@CA?AVDName@@XZ 0000000180005850 f   libvcruntime:undname.obj
 0001:00004948       ?getBasicDataType@UnDecorator@@CA?AVDName@@AEBV2@@Z 0000000180005948 f   libvcruntime:undname.obj
 0001:00004f4c       ?getCallingConvention@UnDecorator@@CA?AVDName@@XZ 0000000180005f4c f   libvcruntime:undname.obj
 0001:00005084       ?getDataIndirectType@UnDecorator@@CA?AVDName@@AEBV2@W4IndirectionKind@@0H@Z 0000000180006084 f   libvcruntime:undname.obj
 0001:000059a8       ?getDataType@UnDecorator@@CA?AVDName@@PEAV2@@Z 00000001800069a8 f   libvcruntime:undname.obj
 0001:00005abc       ?getDecoratedName@UnDecorator@@CA?AVDName@@XZ 0000000180006abc f   libvcruntime:undname.obj
 0001:00005da4       ?getDimension@UnDecorator@@CA?AVDName@@_N@Z 0000000180006da4 f   libvcruntime:undname.obj
 0001:00005eec       ?getDispatchTarget@UnDecorator@@CA?AVDName@@XZ 0000000180006eec f   libvcruntime:undname.obj
 0001:00005f4c       ?getECSUDataType@UnDecorator@@CA?AVDName@@XZ 0000000180006f4c f   libvcruntime:undname.obj
 0001:00006148       ?getEnumType@UnDecorator@@CA?AVDName@@XZ 0000000180007148 f i libvcruntime:undname.obj
 0001:00006278       ?getExtendedDataIndirectType@UnDecorator@@CA?AVDName@@AEAW4IndirectionKind@@AEA_NH@Z 0000000180007278 f   libvcruntime:undname.obj
 0001:0000647c       ?getExternalDataType@UnDecorator@@CA?AVDName@@AEBV2@@Z 000000018000747c f i libvcruntime:undname.obj
 0001:0000653c       ?getFloatingPoint@UnDecorator@@CA?AVDName@@H@Z 000000018000753c f   libvcruntime:undname.obj
 0001:000066a4       ?getFunctionIndirectType@UnDecorator@@CA?AVDName@@AEBV2@@Z 00000001800076a4 f   libvcruntime:undname.obj
 0001:00006bd8       ?getLastChar@DNameStatusNode@@UEBADXZ 0000000180007bd8 f i libvcruntime:undname.obj
 0001:00006be4       ?getLastChar@charNode@@UEBADXZ 0000000180007be4 f i libvcruntime:undname.obj
 0001:00006be8       ?getLastChar@pDNameNode@@UEBADXZ 0000000180007be8 f i libvcruntime:undname.obj
 0001:00006c14       ?getLastChar@pairNode@@UEBADXZ 0000000180007c14 f i libvcruntime:undname.obj
 0001:00006c4c       ?getLastChar@pcharNode@@UEBADXZ 0000000180007c4c f i libvcruntime:undname.obj
 0001:00006c60       ?getLexicalFrame@UnDecorator@@CA?AVDName@@XZ 0000000180007c60 f i libvcruntime:undname.obj
 0001:00006cc4       ?getMemberAccess@UnDecorator@@CA?AVDName@@XZ 0000000180007cc4 f   libvcruntime:undname.obj
 0001:00006d58       ?getMemoryWithBuffer@_HeapManager@@QEAAPEAX_K@Z 0000000180007d58 f   libvcruntime:undname.obj
 0001:00006de8       ?getNoexcept@UnDecorator@@CA?AVDName@@XZ 0000000180007de8 f   libvcruntime:undname.obj
 0001:00006e4c       ?getNumberOfDimensions@UnDecorator@@CAHXZ 0000000180007e4c f   libvcruntime:undname.obj
 0001:00006eb4       ?getOperatorName@UnDecorator@@CA?AVDName@@_NPEA_N@Z 0000000180007eb4 f i libvcruntime:undname.obj
 0001:00007864       ?getPointerToMember@UnDecorator@@CA?AVDName@@XZ 0000000180008864 f   libvcruntime:undname.obj
 0001:0000795c       ?getPrimaryDataType@UnDecorator@@CA?AVDName@@AEBV2@@Z 000000018000895c f   libvcruntime:undname.obj
 0001:00007c14       ?getPtrRefDataType@UnDecorator@@CA?AVDName@@AEBV2@H@Z 0000000180008c14 f   libvcruntime:undname.obj
 0001:00007de0       ?getPtrRefType@UnDecorator@@CA?AVDName@@AEBV2@0W4IndirectionKind@@@Z 0000000180008de0 f   libvcruntime:undname.obj
 0001:00007fb8       ?getRestrictionSpec@UnDecorator@@CA?AVDName@@XZ 0000000180008fb8 f   libvcruntime:undname.obj
 0001:00008194       ?getReturnType@UnDecorator@@CA?AVDName@@PEAV2@@Z 0000000180009194 f   libvcruntime:undname.obj
 0001:000081c8       ?getScope@UnDecorator@@CA?AVDName@@XZ 00000001800091c8 f   libvcruntime:undname.obj
 0001:00008680       ?getScopedName@UnDecorator@@CA?AVDName@@XZ 0000000180009680 f   libvcruntime:undname.obj
 0001:000087c0       ?getSignedDimension@UnDecorator@@CA?AVDName@@XZ 00000001800097c0 f   libvcruntime:undname.obj
 0001:00008848       ?getString@DNameStatusNode@@UEBAPEADPEAD0@Z 0000000180009848 f i libvcruntime:undname.obj
 0001:00008890       ?getString@charNode@@UEBAPEADPEAD0@Z 0000000180009890 f i libvcruntime:undname.obj
 0001:000088a4       ?getString@pDNameNode@@UEBAPEADPEAD0@Z 00000001800098a4 f i libvcruntime:undname.obj
 0001:000088d4       ?getString@pairNode@@UEBAPEADPEAD0@Z 00000001800098d4 f i libvcruntime:undname.obj
 0001:00008920       ?getString@pcharNode@@UEBAPEADPEAD0@Z 0000000180009920 f i libvcruntime:undname.obj
 0001:00008958       ?getStringEncoding@UnDecorator@@CA?AVDName@@W4PrefixKind@@H@Z 0000000180009958 f   libvcruntime:undname.obj
 0001:00008a68       ?getStringObject@UnDecorator@@CA?AVDName@@XZ 0000000180009a68 f   libvcruntime:undname.obj
 0001:00008ad0       ?getSymbolName@UnDecorator@@CA?AVDName@@XZ 0000000180009ad0 f i libvcruntime:undname.obj
 0001:00008b1c       ?getTemplateArgumentList@UnDecorator@@CA?AVDName@@XZ 0000000180009b1c f   libvcruntime:undname.obj
 0001:00008d38       ?getTemplateName@UnDecorator@@CA?AVDName@@_N@Z 0000000180009d38 f   libvcruntime:undname.obj
 0001:00008fcc       ?getTemplateNonTypeArgument@UnDecorator@@CA?AVDName@@XZ 0000000180009fcc f   libvcruntime:undname.obj
 0001:0000951c       ?getTemplateTypeArgument@UnDecorator@@CA?AVDName@@XZ 000000018000a51c f   libvcruntime:undname.obj
 0001:00009684       ?getThrowTypes@UnDecorator@@CA?AVDName@@XZ 000000018000a684 f   libvcruntime:undname.obj
 0001:000096a8       ?getTypeEncoding@UnDecorator@@CAHXZ 000000018000a6a8 f i libvcruntime:undname.obj
 0001:00009a64       ?getUndecoratedName@UnDecorator@@QEAAPEADPEADH@Z 000000018000aa64 f i libvcruntime:undname.obj
 0001:00009bb8       ?getUnionObject@UnDecorator@@CA?AVDName@@XZ 000000018000abb8 f   libvcruntime:undname.obj
 0001:00009c90       ?getVCallThunkType@UnDecorator@@CA?AVDName@@XZ 000000018000ac90 f i libvcruntime:undname.obj
 0001:00009d08       ?getValue@UnDecorator@@CA?AV?$optional@_K@std@@XZ 000000018000ad08 f   libvcruntime:undname.obj
 0001:00009d58       ?getValueObject@UnDecorator@@CA?AVDName@@XZ 000000018000ad58 f   libvcruntime:undname.obj
 0001:00009e98       ?getVdispMapType@UnDecorator@@CA?AVDName@@AEBV2@@Z 000000018000ae98 f i libvcruntime:undname.obj
 0001:00009f14       ?getVfTableType@UnDecorator@@CA?AVDName@@AEBV2@@Z 000000018000af14 f i libvcruntime:undname.obj
 0001:0000a120       ?getZName@UnDecorator@@CA?AVDName@@_N0@Z 000000018000b120 f   libvcruntime:undname.obj
 0001:0000a3f4       ?length@DNameStatusNode@@UEBAHXZ 000000018000b3f4 f i libvcruntime:undname.obj
 0001:0000a3f4       ?raw_length@DNameStatusNode@@UEBAHXZ 000000018000b3f4 f i libvcruntime:undname.obj
 0001:0000a3f8       ?length@pDNameNode@@UEBAHXZ 000000018000b3f8 f i libvcruntime:undname.obj
 0001:0000a420       ?length@pairNode@@UEBAHXZ  000000018000b420 f i libvcruntime:undname.obj
 0001:0000a468       ?length@pcharNode@@UEBAHXZ 000000018000b468 f i libvcruntime:undname.obj
 0001:0000a468       ?raw_length@pcharNode@@UEBAHXZ 000000018000b468 f i libvcruntime:undname.obj
 0001:0000a46c       ?parseDecoratedName@UnDecorator@@CA?AVDName@@XZ 000000018000b46c f   libvcruntime:undname.obj
 0001:0000a584       ?raw_length@pDNameNode@@UEBAHXZ 000000018000b584 f i libvcruntime:undname.obj
 0001:0000a588       ?raw_length@pairNode@@UEBAHXZ 000000018000b588 f i libvcruntime:undname.obj
 0001:0000a58c       __unDName                  000000018000b58c f   libvcruntime:undname.obj
 0001:0000a5b4       __unDNameEx                000000018000b5b4 f   libvcruntime:undname.obj
 0001:0000a6e8       snprintf                   000000018000b6e8 f i libvcruntime:undname.obj
 0001:0000a740       sprintf_s                  000000018000b740 f i libvcruntime:undname.obj
 0001:0000a7b0       _NLG_Notify                000000018000b7b0 f   libvcruntime:notify.obj
 0001:0000a7d0       __NLG_Dispatch2            000000018000b7d0 f   libvcruntime:notify.obj
 0001:0000a7e0       __NLG_Return2              000000018000b7e0 f   libvcruntime:notify.obj
 0001:0000a7e4       __except_validate_context_record 000000018000b7e4 f   libvcruntime:jbcxrval.obj
 0001:0000a830       memcpy_repmovs             000000018000b830 f   libvcruntime:memcpy.obj
 0001:0000a850       memcpy                     000000018000b850 f   libvcruntime:memcpy.obj
 0001:0000a850       memmove                    000000018000b850 f   libvcruntime:memcpy.obj
 0001:0000aec8       __vcrt_freefls             000000018000bec8 f   libvcruntime:per_thread_data.obj
 0001:0000aee8       __vcrt_freeptd             000000018000bee8 f   libvcruntime:per_thread_data.obj
 0001:0000af38       __vcrt_getptd              000000018000bf38 f   libvcruntime:per_thread_data.obj
 0001:0000af54       __vcrt_getptd_noexit       000000018000bf54 f   libvcruntime:per_thread_data.obj
 0001:0000b014       __vcrt_initialize_ptd      000000018000c014 f   libvcruntime:per_thread_data.obj
 0001:0000b05c       __vcrt_uninitialize_ptd    000000018000c05c f   libvcruntime:per_thread_data.obj
 0001:0000b080       __vcrt_initialize_locks    000000018000c080 f   libvcruntime:locks.obj
 0001:0000b0c8       __vcrt_lock                000000018000c0c8 f   libvcruntime:locks.obj
 0001:0000b0e4       __vcrt_uninitialize_locks  000000018000c0e4 f   libvcruntime:locks.obj
 0001:0000b11c       __vcrt_unlock              000000018000c11c f   libvcruntime:locks.obj
 0001:0000b138       ??$_CallSETranslator@V__FrameHandler3@@@@YAHPEAUEHExceptionRecord@@PEA_KPEAU_CONTEXT@@PEAU_xDISPATCHER_CONTEXT@@PEBU_s_FuncInfo@@K1H@Z 000000018000c138 f i libvcruntime:risctrnsctrl.obj
 0001:0000b18c       ??$_CallSETranslator@V__FrameHandler4@@@@YAHPEAUEHExceptionRecord@@PEA_KPEAU_CONTEXT@@PEAU_xDISPATCHER_CONTEXT@@PEAUFuncInfo4@FH4@@K1H@Z 000000018000c18c f i libvcruntime:risctrnsctrl.obj
 0001:0000b1e0       ?CatchTryBlock@__FrameHandler3@@SAPEBU_s_TryBlockMapEntry@@PEBU_s_FuncInfo@@H@Z 000000018000c1e0 f   libvcruntime:risctrnsctrl.obj
 0001:0000b244       ?DecompFuncInfo@FH4@@YA_JPEAEAEAUFuncInfo4@1@_KH_N@Z 000000018000c244 f i libvcruntime:risctrnsctrl.obj
 0001:0000b378       ?ExecutionInCatch@__FrameHandler3@@SA_NPEAU_xDISPATCHER_CONTEXT@@PEBU_s_FuncInfo@@@Z 000000018000c378 f   libvcruntime:risctrnsctrl.obj
 0001:0000b3a4       ?ExecutionInCatch@__FrameHandler4@@SA_NPEAU_xDISPATCHER_CONTEXT@@PEAUFuncInfo4@FH4@@@Z 000000018000c3a4 f   libvcruntime:risctrnsctrl.obj
 0001:0000b3ac       ?FrameUnwindToEmptyState@__FrameHandler3@@SAXPEA_KPEAU_xDISPATCHER_CONTEXT@@PEBU_s_FuncInfo@@@Z 000000018000c3ac f   libvcruntime:risctrnsctrl.obj
 0001:0000b410       ?FrameUnwindToEmptyState@__FrameHandler4@@SAXPEA_KPEAU_xDISPATCHER_CONTEXT@@PEAUFuncInfo4@FH4@@@Z 000000018000c410 f   libvcruntime:risctrnsctrl.obj
 0001:0000b444       ?GetEstablisherFrame@__FrameHandler3@@SAPEA_KPEA_KPEAU_xDISPATCHER_CONTEXT@@PEBU_s_FuncInfo@@0@Z 000000018000c444 f   libvcruntime:risctrnsctrl.obj
 0001:0000b510       ?GetEstablisherFrame@__FrameHandler4@@SAPEA_KPEA_KPEAU_xDISPATCHER_CONTEXT@@PEAUFuncInfo4@FH4@@0@Z 000000018000c510 f   libvcruntime:risctrnsctrl.obj
 0001:0000b534       ?GetRangeOfTrysToCheck@__FrameHandler3@@SA?AU?$pair@Viterator@TryBlockMap@__FrameHandler3@@V123@@std@@AEAVTryBlockMap@1@HPEAU_xDISPATCHER_CONTEXT@@PEBU_s_FuncInfo@@H@Z 000000018000c534 f   libvcruntime:risctrnsctrl.obj
 0001:0000b674       ?GetRangeOfTrysToCheck@__FrameHandler4@@SA?AU?$pair@Viterator@TryBlockMap4@FH4@@V123@@std@@AEAVTryBlockMap4@FH4@@HPEAU_xDISPATCHER_CONTEXT@@PEAUFuncInfo4@5@H@Z 000000018000c674 f   libvcruntime:risctrnsctrl.obj
 0001:0000b7e0       ?UnwindNestedFrames@__FrameHandler3@@SAXPEA_KPEAUEHExceptionRecord@@PEAU_CONTEXT@@0PEAXPEBU_s_FuncInfo@@HHPEBU_s_HandlerType@@PEAU_xDISPATCHER_CONTEXT@@E@Z 000000018000c7e0 f   libvcruntime:risctrnsctrl.obj
 0001:0000b8e4       ?UnwindNestedFrames@__FrameHandler4@@SAXPEA_KPEAUEHExceptionRecord@@PEAU_CONTEXT@@0PEAXPEAUFuncInfo4@FH4@@HHPEAUHandlerType4@5@PEAU_xDISPATCHER_CONTEXT@@E@Z 000000018000c8e4 f   libvcruntime:risctrnsctrl.obj
 0001:0000ba04       ?setBuffer@TryBlockMap4@FH4@@QEAAXViterator@12@@Z 000000018000ca04 f i libvcruntime:risctrnsctrl.obj
 0001:0000bbc8       _CreateFrameInfo           000000018000cbc8 f   libvcruntime:risctrnsctrl.obj
 0001:0000bc04       _FindAndUnlinkFrame        000000018000cc04 f   libvcruntime:risctrnsctrl.obj
 0001:0000bc58       _GetImageBase              000000018000cc58 f   libvcruntime:risctrnsctrl.obj
 0001:0000bc6c       _GetThrowImageBase         000000018000cc6c f   libvcruntime:risctrnsctrl.obj
 0001:0000bc80       _SetImageBase              000000018000cc80 f   libvcruntime:risctrnsctrl.obj
 0001:0000bc98       _SetThrowImageBase         000000018000cc98 f   libvcruntime:risctrnsctrl.obj
 0001:0000bcb0       __CxxFrameHandler3         000000018000ccb0 f   libvcruntime:risctrnsctrl.obj
 0001:0000bd38       __CxxFrameHandler4         000000018000cd38 f   libvcruntime:risctrnsctrl.obj
 0001:0000bf48       __vcrt_FlsAlloc            000000018000cf48 f   libvcruntime:winapi_downlevel.obj
 0001:0000bf90       __vcrt_FlsFree             000000018000cf90 f   libvcruntime:winapi_downlevel.obj
 0001:0000bfd8       __vcrt_FlsGetValue         000000018000cfd8 f   libvcruntime:winapi_downlevel.obj
 0001:0000c020       __vcrt_FlsSetValue         000000018000d020 f   libvcruntime:winapi_downlevel.obj
 0001:0000c074       __vcrt_InitializeCriticalSectionEx 000000018000d074 f   libvcruntime:winapi_downlevel.obj
 0001:0000c0d8       ?GetCurrentState@__FrameHandler3@@SAHPEA_KPEAU_xDISPATCHER_CONTEXT@@PEBU_s_FuncInfo@@@Z 000000018000d0d8 f   libvcruntime:ehstate.obj
 0001:0000c100       ?GetUnwindTryBlock@__FrameHandler3@@SAHPEA_KPEAU_xDISPATCHER_CONTEXT@@PEBU_s_FuncInfo@@@Z 000000018000d100 f   libvcruntime:ehstate.obj
 0001:0000c12c       ?SetState@__FrameHandler3@@SAXPEA_KPEBU_s_FuncInfo@@H@Z 000000018000d12c f   libvcruntime:ehstate.obj
 0001:0000c138       ?SetUnwindTryBlock@__FrameHandler3@@SAXPEA_KPEAU_xDISPATCHER_CONTEXT@@PEBU_s_FuncInfo@@H@Z 000000018000d138 f   libvcruntime:ehstate.obj
 0001:0000c174       ?StateFromControlPc@__FrameHandler3@@SAHPEBU_s_FuncInfo@@PEAU_xDISPATCHER_CONTEXT@@@Z 000000018000d174 f   libvcruntime:ehstate.obj
 0001:0000c17c       ?StateFromControlPc@__FrameHandler4@@SAHPEAUFuncInfo4@FH4@@PEAU_xDISPATCHER_CONTEXT@@@Z 000000018000d17c f   libvcruntime:ehstate.obj
 0001:0000c184       ?StateFromIp@__FrameHandler3@@SAHPEBU_s_FuncInfo@@PEAU_xDISPATCHER_CONTEXT@@_K@Z 000000018000d184 f   libvcruntime:ehstate.obj
 0001:0000c1ec       ?StateFromIp@__FrameHandler4@@SAHPEAUFuncInfo4@FH4@@PEAU_xDISPATCHER_CONTEXT@@_K@Z 000000018000d1ec f   libvcruntime:ehstate.obj
 0001:0000d8ec       ??$TypeMatchHelper@V__FrameHandler3@@@@YAHPEBU_s_HandlerType@@PEBU_s_CatchableType@@PEBU_s_ThrowInfo@@@Z 000000018000e8ec f i libvcruntime:frame.obj
 0001:0000da2c       ??$TypeMatchHelper@V__FrameHandler4@@@@YAHPEAUHandlerType4@FH4@@PEBU_s_CatchableType@@PEBU_s_ThrowInfo@@@Z 000000018000ea2c f i libvcruntime:frame.obj
 0001:0000db70       ??$__InternalCxxFrameHandler@V__FrameHandler3@@@@YA?AW4_EXCEPTION_DISPOSITION@@PEAUEHExceptionRecord@@PEA_KPEAU_CONTEXT@@PEAU_xDISPATCHER_CONTEXT@@PEBU_s_FuncInfo@@H1E@Z 000000018000eb70 f i libvcruntime:frame.obj
 0001:0000dda8       ??$__InternalCxxFrameHandler@V__FrameHandler4@@@@YA?AW4_EXCEPTION_DISPOSITION@@PEAUEHExceptionRecord@@PEA_KPEAU_CONTEXT@@PEAU_xDISPATCHER_CONTEXT@@PEAUFuncInfo4@FH4@@H1E@Z 000000018000eda8 f i libvcruntime:frame.obj
 0001:0000e03c       ??$__InternalCxxFrameHandlerWrapper@V__FrameHandler3@@@@YA?AW4_EXCEPTION_DISPOSITION@@PEAUEHExceptionRecord@@PEA_KPEAU_CONTEXT@@PEAU_xDISPATCHER_CONTEXT@@PEBU_s_FuncInfo@@H1E@Z 000000018000f03c f i libvcruntime:frame.obj
 0001:0000e044       ??$__InternalCxxFrameHandlerWrapper@V__FrameHandler4@@@@YA?AW4_EXCEPTION_DISPOSITION@@PEAUEHExceptionRecord@@PEA_KPEAU_CONTEXT@@PEAU_xDISPATCHER_CONTEXT@@PEAUFuncInfo4@FH4@@H1E@Z 000000018000f044 f i libvcruntime:frame.obj
 0001:0000e0a0       ??0HandlerMap4@FH4@@QEAA@PEBUTryBlockMapEntry4@1@_KH@Z 000000018000f0a0 f i libvcruntime:frame.obj
 0001:0000e11c       ??0TryBlockMap4@FH4@@QEAA@PEBUFuncInfo4@1@_K@Z 000000018000f11c f i libvcruntime:frame.obj
 0001:0000e1f4       ??0bad_exception@std@@QEAA@AEBV01@@Z 000000018000f1f4 f i libvcruntime:frame.obj
 0001:0000e230       ??0bad_exception@std@@QEAA@XZ 000000018000f230 f i libvcruntime:frame.obj
 0001:0000e250       ??0exception@std@@QEAA@AEBV01@@Z 000000018000f250 f i libvcruntime:frame.obj
 0001:0000e284       ??1bad_exception@std@@UEAA@XZ 000000018000f284 f i libvcruntime:frame.obj
 0001:0000e298       ??_Ebad_exception@std@@UEAAPEAXI@Z 000000018000f298 f i libvcruntime:frame.obj
 0001:0000e298       ??_Eexception@std@@UEAAPEAXI@Z 000000018000f298 f i libvcruntime:frame.obj
 0001:0000e298       ??_Gbad_exception@std@@UEAAPEAXI@Z 000000018000f298 f i libvcruntime:frame.obj
 0001:0000e298       ??_Gexception@std@@UEAAPEAXI@Z 000000018000f298 f i libvcruntime:frame.obj
 0001:0000e2dc       ?CxxCallCatchBlock@__FrameHandler3@@SAPEAXPEAU_EXCEPTION_RECORD@@@Z 000000018000f2dc f   libvcruntime:frame.obj
 0001:0000e4c8       ?CxxCallCatchBlock@__FrameHandler4@@SAPEAXPEAU_EXCEPTION_RECORD@@@Z 000000018000f4c8 f   libvcruntime:frame.obj
 0001:0000e718       ?DecompHandler@HandlerMap4@FH4@@AEAAXXZ 000000018000f718 f i libvcruntime:frame.obj
 0001:0000e964       ?FrameUnwindToState@__FrameHandler3@@SAXPEA_KPEAU_xDISPATCHER_CONTEXT@@PEBU_s_FuncInfo@@H@Z 000000018000f964 f   libvcruntime:frame.obj
 0001:0000eaf0       ?FrameUnwindToState@__FrameHandler4@@SAXPEA_KPEAU_xDISPATCHER_CONTEXT@@PEAUFuncInfo4@FH4@@H@Z 000000018000faf0 f   libvcruntime:frame.obj
 0001:0000edec       ?GetHandlerSearchState@__FrameHandler3@@SAHPEA_KPEAU_xDISPATCHER_CONTEXT@@PEBU_s_FuncInfo@@@Z 000000018000fdec f i libvcruntime:frame.obj
 0001:0000effc       ?ReadEntry@UWMap4@FH4@@AEAAXPEAPEAE@Z 000000018000fffc f i libvcruntime:frame.obj
 0001:0000f098       ?_CallMemberFunction1@@YAXQEAX00@Z 0000000180010098 f i libvcruntime:frame.obj
 0001:0000f0a4       ?_CallMemberFunction2@@YAXQEAX00H@Z 00000001800100a4 f i libvcruntime:frame.obj
 0001:0000f0b4       ?getStartStop@UWMap4@FH4@@QEAAXHHAEAViterator@12@0@Z 00000001800100b4 f i libvcruntime:frame.obj
 0001:0000f184       ?getStateFromIterators@UWMap4@FH4@@SAHAEBViterator@12@H0H0@Z 0000000180010184 f i libvcruntime:frame.obj
 0001:0000f234       ?what@exception@std@@UEBAPEBDXZ 0000000180010234 f i libvcruntime:frame.obj
 0001:0000f260       _CallSettingFrame          0000000180010260 f   libvcruntime:handlers.obj
 0001:0000f2b0       _CallSettingFrame_LookupContinuationIndex 00000001800102b0 f   libvcruntime:handlers.obj
 0001:0000f2e0       _CallSettingFrame_NotifyContinuationAddr 00000001800102e0 f   libvcruntime:handlers.obj
 0001:0000f310       _CallSettingFrameEncoded   0000000180010310 f   libvcruntime:handlers.obj
 0001:0000f358       __std_exception_copy       0000000180010358 f   libvcruntime:std_exception.obj
 0001:0000f3e8       __std_exception_destroy    00000001800103e8 f   libvcruntime:std_exception.obj
 0001:0000f410       _CxxThrowException         0000000180010410 f   libvcruntime:throw.obj
 0001:0000f4b0       _local_unwind              00000001800104b0 f   libvcruntime:jmpuwind.obj
 0001:0000f4dc       free                       00000001800104dc f   libucrt:free.obj
 0001:0000f4f0       _initterm                  00000001800104f0 f   libucrt:initterm.obj
 0001:0000f534       _initterm_e                0000000180010534 f   libucrt:initterm.obj
 0001:0000f57c       _seh_filter_dll            000000018001057c f   libucrt:exception_filter.obj
 0001:0000f590       _seh_filter_exe            0000000180010590 f   libucrt:exception_filter.obj
 0001:0000f9b4       __acrt_initialize_thread_local_exit_callback 00000001800109b4 f   libucrt:exit.obj
 0001:0000f9bc       _cexit                     00000001800109bc f   libucrt:exit.obj
 0001:0000f9cc       _exit                      00000001800109cc f   libucrt:exit.obj
 0001:0000f9d8       _is_c_termination_complete 00000001800109d8 f   libucrt:exit.obj
 0001:0000fba0       __acrt_allocate_buffer_for_argv 0000000180010ba0 f   libucrt:argv_parsing.obj
 0001:0000fc00       _configure_narrow_argv     0000000180010c00 f   libucrt:argv_parsing.obj
 0001:0000ff88       __dcrt_uninitialize_environments_nolock 0000000180010f88 f   libucrt:environment_initialization.obj
 0001:0000ffcc       _initialize_narrow_environment 0000000180010fcc f   libucrt:environment_initialization.obj
 0001:00010130       _execute_onexit_table      0000000180011130 f   libucrt:onexit.obj
 0001:00010174       _initialize_onexit_table   0000000180011174 f   libucrt:onexit.obj
 0001:000101d4       __acrt_uninitialize_command_line 00000001800111d4 f   libucrt:argv_data.obj
 0001:000102cc       __acrt_initialize          00000001800112cc f   libucrt:initialization.obj
 0001:000102e0       __acrt_thread_attach       00000001800112e0 f   libucrt:initialization.obj
 0001:000102f4       __acrt_thread_detach       00000001800112f4 f   libucrt:initialization.obj
 0001:00010304       __acrt_uninitialize        0000000180011304 f   libucrt:initialization.obj
 0001:0001033c       __acrt_uninitialize_critical 000000018001133c f   libucrt:initialization.obj
 0001:0001034c       terminate                  000000018001134c f   libucrt:terminate.obj
 0001:00010378       abort                      0000000180011378 f   libucrt:abort.obj
 0001:000103d0       malloc                     00000001800113d0 f   libucrt:malloc.obj
 0001:000103d8       strcpy_s                   00000001800113d8 f   libucrt:strcpy_s.obj
 0001:000105e8       ??$ensure_buffer_is_big_enough@D@formatting_buffer@__crt_stdio_output@@QEAA_N_KAEAV__crt_cached_ptd_host@@@Z 00000001800115e8 f i libucrt:output.obj
 0001:00010690       ??$parse_integer@KV?$c_string_character_source@D@__crt_strtox@@$0A@@__crt_strtox@@YAKAEAV__crt_cached_ptd_host@@V?$c_string_character_source@D@0@H_N@Z 0000000180011690 f i libucrt:output.obj
 0001:00010940       ??$type_case_integer@$07@?$output_processor@DV?$string_output_adapter@D@__crt_stdio_output@@V?$format_validation_base@DV?$string_output_adapter@D@__crt_stdio_output@@@2@@__crt_stdio_output@@AEAA_N_N@Z 0000000180011940 f i libucrt:output.obj
 0001:00010940       ??$type_case_integer@$07@?$output_processor@DV?$string_output_adapter@D@__crt_stdio_output@@V?$standard_base@DV?$string_output_adapter@D@__crt_stdio_output@@@2@@__crt_stdio_output@@AEAA_N_N@Z 0000000180011940 f i libucrt:output.obj
 0001:00010b28       ??$type_case_integer@$09@?$output_processor@DV?$string_output_adapter@D@__crt_stdio_output@@V?$format_validation_base@DV?$string_output_adapter@D@__crt_stdio_output@@@2@@__crt_stdio_output@@AEAA_N_N@Z 0000000180011b28 f i libucrt:output.obj
 0001:00010b28       ??$type_case_integer@$09@?$output_processor@DV?$string_output_adapter@D@__crt_stdio_output@@V?$standard_base@DV?$string_output_adapter@D@__crt_stdio_output@@@2@@__crt_stdio_output@@AEAA_N_N@Z 0000000180011b28 f i libucrt:output.obj
 0001:00010d10       ??$type_case_integer@$0BA@@?$output_processor@DV?$string_output_adapter@D@__crt_stdio_output@@V?$format_validation_base@DV?$string_output_adapter@D@__crt_stdio_output@@@2@@__crt_stdio_output@@AEAA_N_N@Z 0000000180011d10 f i libucrt:output.obj
 0001:00010d10       ??$type_case_integer@$0BA@@?$output_processor@DV?$string_output_adapter@D@__crt_stdio_output@@V?$standard_base@DV?$string_output_adapter@D@__crt_stdio_output@@@2@@__crt_stdio_output@@AEAA_N_N@Z 0000000180011d10 f i libucrt:output.obj
 0001:00010ef8       ??$type_case_integer_parse_into_buffer@I$07@?$output_processor@DV?$string_output_adapter@D@__crt_stdio_output@@V?$format_validation_base@DV?$string_output_adapter@D@__crt_stdio_output@@@2@@__crt_stdio_output@@AEAAXI_N@Z 0000000180011ef8 f i libucrt:output.obj
 0001:00010ef8       ??$type_case_integer_parse_into_buffer@I$07@?$output_processor@DV?$string_output_adapter@D@__crt_stdio_output@@V?$standard_base@DV?$string_output_adapter@D@__crt_stdio_output@@@2@@__crt_stdio_output@@AEAAXI_N@Z 0000000180011ef8 f i libucrt:output.obj
 0001:00010f74       ??$type_case_integer_parse_into_buffer@I$09@?$output_processor@DV?$string_output_adapter@D@__crt_stdio_output@@V?$format_validation_base@DV?$string_output_adapter@D@__crt_stdio_output@@@2@@__crt_stdio_output@@AEAAXI_N@Z 0000000180011f74 f i libucrt:output.obj
 0001:00010f74       ??$type_case_integer_parse_into_buffer@I$09@?$output_processor@DV?$string_output_adapter@D@__crt_stdio_output@@V?$standard_base@DV?$string_output_adapter@D@__crt_stdio_output@@@2@@__crt_stdio_output@@AEAAXI_N@Z 0000000180011f74 f i libucrt:output.obj
 0001:0001101c       ??$type_case_integer_parse_into_buffer@I$0BA@@?$output_processor@DV?$string_output_adapter@D@__crt_stdio_output@@V?$format_validation_base@DV?$string_output_adapter@D@__crt_stdio_output@@@2@@__crt_stdio_output@@AEAAXI_N@Z 000000018001201c f i libucrt:output.obj
 0001:0001101c       ??$type_case_integer_parse_into_buffer@I$0BA@@?$output_processor@DV?$string_output_adapter@D@__crt_stdio_output@@V?$standard_base@DV?$string_output_adapter@D@__crt_stdio_output@@@2@@__crt_stdio_output@@AEAAXI_N@Z 000000018001201c f i libucrt:output.obj
 0001:000110a8       ??$type_case_integer_parse_into_buffer@_K$07@?$output_processor@DV?$string_output_adapter@D@__crt_stdio_output@@V?$format_validation_base@DV?$string_output_adapter@D@__crt_stdio_output@@@2@@__crt_stdio_output@@AEAAX_K_N@Z 00000001800120a8 f i libucrt:output.obj
 0001:000110a8       ??$type_case_integer_parse_into_buffer@_K$07@?$output_processor@DV?$string_output_adapter@D@__crt_stdio_output@@V?$standard_base@DV?$string_output_adapter@D@__crt_stdio_output@@@2@@__crt_stdio_output@@AEAAX_K_N@Z 00000001800120a8 f i libucrt:output.obj
 0001:00011124       ??$type_case_integer_parse_into_buffer@_K$09@?$output_processor@DV?$string_output_adapter@D@__crt_stdio_output@@V?$format_validation_base@DV?$string_output_adapter@D@__crt_stdio_output@@@2@@__crt_stdio_output@@AEAAX_K_N@Z 0000000180012124 f i libucrt:output.obj
 0001:00011124       ??$type_case_integer_parse_into_buffer@_K$09@?$output_processor@DV?$string_output_adapter@D@__crt_stdio_output@@V?$standard_base@DV?$string_output_adapter@D@__crt_stdio_output@@@2@@__crt_stdio_output@@AEAAX_K_N@Z 0000000180012124 f i libucrt:output.obj
 0001:000111d0       ??$type_case_integer_parse_into_buffer@_K$0BA@@?$output_processor@DV?$string_output_adapter@D@__crt_stdio_output@@V?$format_validation_base@DV?$string_output_adapter@D@__crt_stdio_output@@@2@@__crt_stdio_output@@AEAAX_K_N@Z 00000001800121d0 f i libucrt:output.obj
 0001:000111d0       ??$type_case_integer_parse_into_buffer@_K$0BA@@?$output_processor@DV?$string_output_adapter@D@__crt_stdio_output@@V?$standard_base@DV?$string_output_adapter@D@__crt_stdio_output@@@2@@__crt_stdio_output@@AEAAX_K_N@Z 00000001800121d0 f i libucrt:output.obj
 0001:0001125c       ?crop_zeroes@__crt_stdio_output@@YAXPEADQEAU__crt_locale_pointers@@@Z 000000018001225c f i libucrt:output.obj
 0001:000112d0       ?get_raw_ptd@__crt_cached_ptd_host@@QEAAPEAU__acrt_ptd@@XZ 00000001800122d0 f i libucrt:output.obj
 0001:00011338       ?parse_int_from_format_string@?$output_processor@DV?$string_output_adapter@D@__crt_stdio_output@@V?$format_validation_base@DV?$string_output_adapter@D@__crt_stdio_output@@@2@@__crt_stdio_output@@AEAA_NQEAH@Z 0000000180012338 f i libucrt:output.obj
 0001:00011338       ?parse_int_from_format_string@?$output_processor@DV?$string_output_adapter@D@__crt_stdio_output@@V?$standard_base@DV?$string_output_adapter@D@__crt_stdio_output@@@2@@__crt_stdio_output@@AEAA_NQEAH@Z 0000000180012338 f i libucrt:output.obj
 0001:000113c8       ?process@?$output_processor@DV?$string_output_adapter@D@__crt_stdio_output@@V?$format_validation_base@DV?$string_output_adapter@D@__crt_stdio_output@@@2@@__crt_stdio_output@@QEAAHXZ 00000001800123c8 f i libucrt:output.obj
 0001:00011758       ?process@?$output_processor@DV?$string_output_adapter@D@__crt_stdio_output@@V?$standard_base@DV?$string_output_adapter@D@__crt_stdio_output@@@2@@__crt_stdio_output@@QEAAHXZ 0000000180012758 f i libucrt:output.obj
 0001:00011adc       ?state_case_size@?$output_processor@DV?$string_output_adapter@D@__crt_stdio_output@@V?$format_validation_base@DV?$string_output_adapter@D@__crt_stdio_output@@@2@@__crt_stdio_output@@AEAA_NXZ 0000000180012adc f i libucrt:output.obj
 0001:00011adc       ?state_case_size@?$output_processor@DV?$string_output_adapter@D@__crt_stdio_output@@V?$standard_base@DV?$string_output_adapter@D@__crt_stdio_output@@@2@@__crt_stdio_output@@AEAA_NXZ 0000000180012adc f i libucrt:output.obj
 0001:00011c60       ?state_case_type@?$output_processor@DV?$string_output_adapter@D@__crt_stdio_output@@V?$format_validation_base@DV?$string_output_adapter@D@__crt_stdio_output@@@2@@__crt_stdio_output@@AEAA_NXZ 0000000180012c60 f i libucrt:output.obj
 0001:00011c60       ?state_case_type@?$output_processor@DV?$string_output_adapter@D@__crt_stdio_output@@V?$standard_base@DV?$string_output_adapter@D@__crt_stdio_output@@@2@@__crt_stdio_output@@AEAA_NXZ 0000000180012c60 f i libucrt:output.obj
 0001:0001202c       ?type_case_Z@?$output_processor@DV?$string_output_adapter@D@__crt_stdio_output@@V?$format_validation_base@DV?$string_output_adapter@D@__crt_stdio_output@@@2@@__crt_stdio_output@@AEAA_NXZ 000000018001302c f i libucrt:output.obj
 0001:0001202c       ?type_case_Z@?$output_processor@DV?$string_output_adapter@D@__crt_stdio_output@@V?$standard_base@DV?$string_output_adapter@D@__crt_stdio_output@@@2@@__crt_stdio_output@@AEAA_NXZ 000000018001302c f i libucrt:output.obj
 0001:000120a4       ?type_case_a@?$output_processor@DV?$string_output_adapter@D@__crt_stdio_output@@V?$format_validation_base@DV?$string_output_adapter@D@__crt_stdio_output@@@2@@__crt_stdio_output@@AEAA_NXZ 00000001800130a4 f i libucrt:output.obj
 0001:000120a4       ?type_case_a@?$output_processor@DV?$string_output_adapter@D@__crt_stdio_output@@V?$standard_base@DV?$string_output_adapter@D@__crt_stdio_output@@@2@@__crt_stdio_output@@AEAA_NXZ 00000001800130a4 f i libucrt:output.obj
 0001:000122f0       ?type_case_c_tchar@?$output_processor@DV?$string_output_adapter@D@__crt_stdio_output@@V?$format_validation_base@DV?$string_output_adapter@D@__crt_stdio_output@@@2@@__crt_stdio_output@@AEAA_ND@Z 00000001800132f0 f i libucrt:output.obj
 0001:000122f0       ?type_case_c_tchar@?$output_processor@DV?$string_output_adapter@D@__crt_stdio_output@@V?$standard_base@DV?$string_output_adapter@D@__crt_stdio_output@@@2@@__crt_stdio_output@@AEAA_ND@Z 00000001800132f0 f i libucrt:output.obj
 0001:000123b4       ?type_case_n@?$output_processor@DV?$string_output_adapter@D@__crt_stdio_output@@V?$format_validation_base@DV?$string_output_adapter@D@__crt_stdio_output@@@2@@__crt_stdio_output@@AEAA_NXZ 00000001800133b4 f i libucrt:output.obj
 0001:000123b4       ?type_case_n@?$output_processor@DV?$string_output_adapter@D@__crt_stdio_output@@V?$standard_base@DV?$string_output_adapter@D@__crt_stdio_output@@@2@@__crt_stdio_output@@AEAA_NXZ 00000001800133b4 f i libucrt:output.obj
 0001:00012468       ?type_case_s@?$output_processor@DV?$string_output_adapter@D@__crt_stdio_output@@V?$format_validation_base@DV?$string_output_adapter@D@__crt_stdio_output@@@2@@__crt_stdio_output@@AEAA_NXZ 0000000180013468 f i libucrt:output.obj
 0001:00012468       ?type_case_s@?$output_processor@DV?$string_output_adapter@D@__crt_stdio_output@@V?$standard_base@DV?$string_output_adapter@D@__crt_stdio_output@@@2@@__crt_stdio_output@@AEAA_NXZ 0000000180013468 f i libucrt:output.obj
 0001:00012500       ?update_locale_slow@__crt_cached_ptd_host@@AEAAXXZ 0000000180013500 f i libucrt:output.obj
 0001:00012578       ?write_string@?$string_output_adapter@D@__crt_stdio_output@@QEBAXQEBDHQEAHAEAV__crt_cached_ptd_host@@@Z 0000000180013578 f i libucrt:output.obj
 0001:0001261c       __stdio_common_vsprintf    000000018001361c f   libucrt:output.obj
 0001:00012870       __stdio_common_vsprintf_s  0000000180013870 f   libucrt:output.obj
 0001:00012984       ??$parse_integer@KV?$c_string_character_source@D@__crt_strtox@@$00@__crt_strtox@@YAKAEAV__crt_cached_ptd_host@@V?$c_string_character_source@D@0@H_N@Z 0000000180013984 f i libucrt:atox.obj
 0001:00012c64       _ischartype_l              0000000180013c64 f i libucrt:atox.obj
 0001:00012cdc       atol                       0000000180013cdc f   libucrt:atox.obj
 0001:00012da0       strncmp                    0000000180013da0 f   libucrt:strncmp.obj
 0001:00012e20       calloc                     0000000180013e20 f   libucrt:calloc.obj
 0001:00012e28       wcsncmp                    0000000180013e28 f   libucrt:wcsncmp.obj
 0001:00012e54       _free_base                 0000000180013e54 f   libucrt:free_base.obj
 0001:00013208       __acrt_freeptd             0000000180014208 f   libucrt:per_thread_data.obj
 0001:0001324c       __acrt_getptd              000000018001424c f   libucrt:per_thread_data.obj
 0001:00013320       __acrt_getptd_head         0000000180014320 f   libucrt:per_thread_data.obj
 0001:000133c4       __acrt_getptd_noexit       00000001800143c4 f   libucrt:per_thread_data.obj
 0001:0001348c       __acrt_getptd_noexit_explicit 000000018001448c f   libucrt:per_thread_data.obj
 0001:0001354c       __acrt_initialize_ptd      000000018001454c f   libucrt:per_thread_data.obj
 0001:00013588       __acrt_uninitialize_ptd    0000000180014588 f   libucrt:per_thread_data.obj
 0001:000135ac       __acrt_initialize_locks    00000001800145ac f   libucrt:locks.obj
 0001:000135f4       __acrt_lock                00000001800145f4 f   libucrt:locks.obj
 0001:00013610       __acrt_uninitialize_locks  0000000180014610 f   libucrt:locks.obj
 0001:00013648       __acrt_unlock              0000000180014648 f   libucrt:locks.obj
 0001:00013664       __acrt_get_process_end_policy 0000000180014664 f   libucrt:win_policies.obj
 0001:000136a0       ?get_raw_ptd_noexit@__crt_cached_ptd_host@@QEAAPEAU__acrt_ptd@@XZ 00000001800146a0 f i libucrt:invalid_parameter.obj
 0001:0001370c       ?value@?$dual_state_global@P6AXPEB_W00I_K@Z@__crt_state_management@@QEAAAEAP6AXPEB_W00I_K@ZAEAV__crt_cached_ptd_host@@@Z 000000018001470c f i libucrt:invalid_parameter.obj
 0001:00013758       __acrt_call_reportfault    0000000180014758 f   libucrt:invalid_parameter.obj
 0001:000138b4       __acrt_initialize_invalid_parameter_handler 00000001800148b4 f   libucrt:invalid_parameter.obj
 0001:000138bc       _invalid_parameter         00000001800148bc f   libucrt:invalid_parameter.obj
 0001:00013958       _invalid_parameter_internal 0000000180014958 f   libucrt:invalid_parameter.obj
 0001:00013a28       _invalid_parameter_noinfo  0000000180014a28 f   libucrt:invalid_parameter.obj
 0001:00013a48       _invoke_watson             0000000180014a48 f   libucrt:invalid_parameter.obj
 0001:00013a90       __acrt_errno_from_os_error 0000000180014a90 f   libucrt:errno.obj
 0001:00013ad8       __acrt_errno_map_os_error  0000000180014ad8 f   libucrt:errno.obj
 0001:00013b20       __acrt_errno_map_os_error_ptd 0000000180014b20 f   libucrt:errno.obj
 0001:00013b44       __doserrno                 0000000180014b44 f   libucrt:errno.obj
 0001:00013b64       _errno                     0000000180014b64 f   libucrt:errno.obj
 0001:00013b84       _calloc_base               0000000180014b84 f   libucrt:calloc_base.obj
 0001:00013c10       ??$__acrt_convert_wcs_mbs_cp@D_WV<lambda_7c9dea7b4ca7285d2cdb541a38da6275>@@U__crt_win32_buffer_internal_dynamic_resizing@@@@YAHQEBDAEAV?$__crt_win32_buffer@_WU__crt_win32_buffer_internal_dynamic_resizing@@@@AEBV<lambda_7c9dea7b4ca7285d2cdb541a38da6275>@@I@Z 0000000180014c10 f i libucrt:argv_wildcards.obj
 0001:00013d8c       ??$__acrt_convert_wcs_mbs_cp@_WDV<lambda_d8593a27d1aa8c02be35c86a17d324c4>@@U__crt_win32_buffer_internal_dynamic_resizing@@@@YAHQEB_WAEAV?$__crt_win32_buffer@DU__crt_win32_buffer_internal_dynamic_resizing@@@@AEBV<lambda_d8593a27d1aa8c02be35c86a17d324c4>@@I@Z 0000000180014d8c f i libucrt:argv_wildcards.obj
 0001:00014634       ??0_LocaleUpdate@@QEAA@QEAU__crt_locale_pointers@@@Z 0000000180015634 f i libucrt:argv_wildcards.obj
 0001:000146d0       __acrt_expand_narrow_argv_wildcards 00000001800156d0 f   libucrt:argv_wildcards.obj
 0001:000146d8       ??$__acrt_convert_wcs_mbs_cp@_WDV<lambda_f788ae46380686e8b737efdd8c720d07>@@U__crt_win32_buffer_no_resizing@@@@YAHQEB_WAEAV?$__crt_win32_buffer@DU__crt_win32_buffer_no_resizing@@@@AEBV<lambda_f788ae46380686e8b737efdd8c720d07>@@I@Z 00000001800156d8 f i libucrt:getmodulefilenamea.obj
 0001:000147f4       __acrt_GetModuleFileNameA  00000001800157f4 f   libucrt:getmodulefilenamea.obj
 0001:00015110       __acrt_initialize_multibyte 0000000180016110 f   libucrt:mbctype.obj
 0001:00015170       __acrt_update_thread_multibyte_data 0000000180016170 f   libucrt:mbctype.obj
 0001:0001518c       _setmbcp_nolock            000000018001618c f   libucrt:mbctype.obj
 0001:000154c0       _ismbblead                 00000001800164c0 f   libucrt:ismbbyte.obj
 0001:000154d4       __acrt_initialize_command_line 00000001800164d4 f   libucrt:argv_data.obj
 0001:000154fc       __acrt_MultiByteToWideChar 00000001800164fc f   libucrt:multibytetowidechar.obj
 0001:00015558       __acrt_WideCharToMultiByte 0000000180016558 f   libucrt:widechartomultibyte.obj
 0001:00015608       __dcrt_get_narrow_environment_from_os 0000000180016608 f   libucrt:get_environment_from_os.obj
 0001:00015718       _recalloc_base             0000000180016718 f   libucrt:recalloc.obj
 0001:00015970       __acrt_AppPolicyGetProcessTerminationMethodInternal 0000000180016970 f   libucrt:winapi_thunks.obj
 0001:000159c8       __acrt_AreFileApisANSI     00000001800169c8 f   libucrt:winapi_thunks.obj
 0001:00015a0c       __acrt_FlsAlloc            0000000180016a0c f   libucrt:winapi_thunks.obj
 0001:00015a14       __acrt_FlsFree             0000000180016a14 f   libucrt:winapi_thunks.obj
 0001:00015a1c       __acrt_FlsGetValue         0000000180016a1c f   libucrt:winapi_thunks.obj
 0001:00015a24       __acrt_FlsSetValue         0000000180016a24 f   libucrt:winapi_thunks.obj
 0001:00015a2c       __acrt_InitializeCriticalSectionEx 0000000180016a2c f   libucrt:winapi_thunks.obj
 0001:00015a9c       __acrt_LCMapStringEx       0000000180016a9c f   libucrt:winapi_thunks.obj
 0001:00015b88       __acrt_LocaleNameToLCID    0000000180016b88 f   libucrt:winapi_thunks.obj
 0001:00015be8       __acrt_initialize_winapi_thunks 0000000180016be8 f   libucrt:winapi_thunks.obj
 0001:00015c0c       __acrt_uninitialize_winapi_thunks 0000000180016c0c f   libucrt:winapi_thunks.obj
 0001:00015c50       __acrt_initialize_heap     0000000180016c50 f   libucrt:heap_handle.obj
 0001:00015c6c       __acrt_uninitialize_heap   0000000180016c6c f   libucrt:heap_handle.obj
 0001:00015e70       __acrt_initialize_lowio    0000000180016e70 f   libucrt:ioinit.obj
 0001:00015eac       __acrt_uninitialize_lowio  0000000180016eac f   libucrt:ioinit.obj
 0001:00015eec       __acrt_execute_initializers 0000000180016eec f   libucrt:shared_initialization.obj
 0001:00015f80       __acrt_execute_uninitializers 0000000180016f80 f   libucrt:shared_initialization.obj
 0001:00015fc8       __acrt_initialize_new_handler 0000000180016fc8 f   libucrt:new_handler.obj
 0001:00015fd0       _callnewh                  0000000180016fd0 f   libucrt:new_handler.obj
 0001:0001600c       _query_new_handler         000000018001700c f   libucrt:new_handler.obj
 0001:00016088       __acrt_get_sigabrt_handler 0000000180017088 f   libucrt:signal.obj
 0001:000160b8       __acrt_initialize_signal_handlers 00000001800170b8 f   libucrt:signal.obj
 0001:000160d8       raise                      00000001800170d8 f   libucrt:signal.obj
 0001:00016358       __acrt_has_user_matherr    0000000180017358 f   libucrt:matherr.obj
 0001:00016378       __acrt_initialize_user_matherr 0000000180017378 f   libucrt:matherr.obj
 0001:00016380       __acrt_invoke_user_matherr 0000000180017380 f   libucrt:matherr.obj
 0001:00016594       __acrt_stdio_flush_nolock  0000000180017594 f   libucrt:fflush.obj
 0001:00016620       _fflush_nolock             0000000180017620 f   libucrt:fflush.obj
 0001:000166f4       _flushall                  00000001800176f4 f   libucrt:fflush.obj
 0001:000166fc       __acrt_initialize_stdio    00000001800176fc f   libucrt:_file.obj
 0001:0001681c       __acrt_uninitialize_stdio  000000018001781c f   libucrt:_file.obj
 0001:00016878       _lock_file                 0000000180017878 f   libucrt:_file.obj
 0001:00016884       _unlock_file               0000000180017884 f   libucrt:_file.obj
 0001:00016890       _malloc_base               0000000180017890 f   libucrt:malloc_base.obj
 0001:000168f0       strnlen                    00000001800178f0 f   libucrt:strnlen.obj
 0001:00016a40       wcsnlen                    0000000180017a40 f   libucrt:strnlen.obj
 0001:00016c18       __acrt_update_locale_info  0000000180017c18 f   libucrt:locale_update.obj
 0001:00016c4c       __acrt_update_locale_info_explicit 0000000180017c4c f   libucrt:locale_update.obj
 0001:00016c84       __acrt_update_multibyte_info 0000000180017c84 f   libucrt:locale_update.obj
 0001:00016cb8       __acrt_update_multibyte_info_explicit 0000000180017cb8 f   libucrt:locale_update.obj
 0001:00017820       __acrt_fp_format           0000000180018820 f   libucrt:cvt.obj
 0001:00017b08       _wctomb_internal           0000000180018b08 f   libucrt:wctomb.obj
 0001:00017cb8       _mbtowc_internal           0000000180018cb8 f   libucrt:mbtowc.obj
 0001:00017e30       _fileno                    0000000180018e30 f   libucrt:fileno.obj
 0001:00017e58       _get_printf_count_output   0000000180018e58 f   libucrt:printf_count_output.obj
 0001:00017ee0       __acrt_set_locale_changed  0000000180018ee0 f   libucrt:wsetlocale.obj
 0001:00017eec       __acrt_uninitialize_locale 0000000180018eec f   libucrt:wsetlocale.obj
 0001:00017f1c       __pctype_func              0000000180018f1c f   libucrt:ctype.obj
 0001:00017f4c       _isctype_l                 0000000180018f4c f   libucrt:isctype.obj
 0001:00018054       __acrt_add_locale_ref      0000000180019054 f   libucrt:locale_refcounting.obj
 0001:000180e0       __acrt_free_locale         00000001800190e0 f   libucrt:locale_refcounting.obj
 0001:00018258       __acrt_locale_add_lc_time_reference 0000000180019258 f   libucrt:locale_refcounting.obj
 0001:00018280       __acrt_locale_free_lc_time_if_unreferenced 0000000180019280 f   libucrt:locale_refcounting.obj
 0001:000182b8       __acrt_locale_release_lc_time_reference 00000001800192b8 f   libucrt:locale_refcounting.obj
 0001:000182e0       __acrt_release_locale_ref  00000001800192e0 f   libucrt:locale_refcounting.obj
 0001:00018388       __acrt_update_thread_locale_data 0000000180019388 f   libucrt:locale_refcounting.obj
 0001:000183f8       _updatetlocinfoEx_nolock   00000001800193f8 f   libucrt:locale_refcounting.obj
 0001:00018460       _query_new_mode            0000000180019460 f   libucrt:new_mode.obj
 0001:00018470       qsort                      0000000180019470 f   libucrt:qsort.obj
 0001:00018880       strncpy_s                  0000000180019880 f   libucrt:strncpy_s.obj
 0001:00018a10       strpbrk                    0000000180019a10 f   libucrt:strpbrk.obj
 0001:00018dd8       _mbsdec                    0000000180019dd8 f   libucrt:mbsdec.obj
 0001:00018de0       _mbsdec_l                  0000000180019de0 f   libucrt:mbsdec.obj
 0001:00018e74       __acrt_GetStringTypeA      0000000180019e74 f   libucrt:getstringtypea.obj
 0001:00019330       __acrt_LCMapStringA        000000018001a330 f   libucrt:lcmapstringa.obj
 0001:000193e0       _msize_base                000000018001a3e0 f   libucrt:msize.obj
 0001:0001941c       _realloc_base              000000018001a41c f   libucrt:realloc_base.obj
 0001:00019498       __acrt_DownlevelLocaleNameToLCID 000000018001a498 f   libucrt:lcidtoname_downlevel.obj
 0001:00019540       __acrt_lowio_create_handle_array 000000018001a540 f   libucrt:osfinfo.obj
 0001:000195e8       __acrt_lowio_destroy_handle_array 000000018001a5e8 f   libucrt:osfinfo.obj
 0001:00019638       __acrt_lowio_ensure_fh_exists 000000018001a638 f   libucrt:osfinfo.obj
 0001:000196e0       __acrt_lowio_lock_fh       000000018001a6e0 f   libucrt:osfinfo.obj
 0001:00019708       __acrt_lowio_unlock_fh     000000018001a708 f   libucrt:osfinfo.obj
 0001:00019730       _free_osfhnd               000000018001a730 f   libucrt:osfinfo.obj
 0001:000197ec       _get_osfhandle             000000018001a7ec f   libucrt:osfinfo.obj
 0001:000198f0       _commit                    000000018001a8f0 f   libucrt:commit.obj
 0001:0001a1a0       _write_internal            000000018001b1a0 f   libucrt:write.obj
 0001:0001a2c8       _write_nolock              000000018001b2c8 f   libucrt:write.obj
 0001:0001a5d8       _fcloseall                 000000018001b5d8 f   libucrt:closeall.obj
 0001:0001a68c       __acrt_stdio_free_buffer_nolock 000000018001b68c f   libucrt:_freebuf.obj
 0001:0001a6cc       _isatty                    000000018001b6cc f   libucrt:isatty.obj
 0001:0001a72c       __acrt_fp_strflt_to_string 000000018001b72c f   libucrt:_fptostr.obj
 0001:0001a8b0       ?divide@__crt_strtox@@YA_KAEAUbig_integer@1@AEBU21@@Z 000000018001b8b0 f i libucrt:cfout.obj
 0001:0001ad3c       __acrt_fltout              000000018001bd3c f   libucrt:cfout.obj
 0001:0001c004       fegetround                 000000018001d004 f   libucrt:fegetround.obj
 0001:0001c018       ?__c32rtomb_utf8@__crt_mbstring@@YA_KPEAD_UPEAU_Mbstatet@@AEAV__crt_cached_ptd_host@@@Z 000000018001d018 f   libucrt:c32rtomb.obj
 0001:0001c0bc       ?__mbrtowc_utf8@__crt_mbstring@@YA_KPEA_WPEBD_KPEAU_Mbstatet@@AEAV__crt_cached_ptd_host@@@Z 000000018001d0bc f   libucrt:mbrtowc.obj
 0001:0001c100       ?__mbsrtowcs_utf8@__crt_mbstring@@YA_KPEA_WPEAPEBD_KPEAU_Mbstatet@@AEAV__crt_cached_ptd_host@@@Z 000000018001d100 f   libucrt:mbrtowc.obj
 0001:0001c2a4       __acrt_locale_free_monetary 000000018001d2a4 f   libucrt:initmon.obj
 0001:0001c3b0       __acrt_locale_free_numeric 000000018001d3b0 f   libucrt:initnum.obj
 0001:0001c450       __acrt_locale_free_time    000000018001d450 f   libucrt:inittime.obj
 0001:0001c558       __strncnt                  000000018001d558 f   libucrt:strncnt.obj
 0001:0001c570       __ascii_wcsnicmp           000000018001d570 f   libucrt:wcsnicmp.obj
 0001:0001c5bc       _query_app_type            000000018001d5bc f   libucrt:report_runtime_error.obj
 0001:0001c670       _lseeki64_nolock_internal  000000018001d670 f   libucrt:lseek.obj
 0001:0001c678       _putwch_nolock             000000018001d678 f   libucrt:putwch.obj
 0001:0001c7d4       fclose                     000000018001d7d4 f   libucrt:fclose.obj
 0001:0001c86c       _controlfp_s               000000018001d86c f   libucrt:contrlfp.obj
 0001:0001c8d0       fegetenv                   000000018001d8d0 f   libucrt:fegetenv.obj
 0001:0001c8f0       fesetenv                   000000018001d8f0 f   libucrt:fesetenv.obj
 0001:0001c93c       feholdexcept               000000018001d93c f   libucrt:feholdexcept.obj
 0001:0001c98c       ceil                       000000018001d98c f   libucrt:ceil.obj
 0001:0001ca50       log10                      000000018001da50 f   libucrt:log10.obj
 0001:0001cffc       __acrt_fenv_get_common_round_control 000000018001dffc f   libucrt:_fenvutils.obj
 0001:0001d008       __acrt_fenv_get_control    000000018001e008 f   libucrt:_fenvutils.obj
 0001:0001d0ec       __acrt_fenv_get_status     000000018001e0ec f   libucrt:_fenvutils.obj
 0001:0001d144       __acrt_fenv_set_control    000000018001e144 f   libucrt:_fenvutils.obj
 0001:0001d280       __acrt_fenv_set_status     000000018001e280 f   libucrt:_fenvutils.obj
 0001:0001d2f4       ?reset_and_return@__crt_mbstring@@YA_K_KPEAU_Mbstatet@@@Z 000000018001e2f4 f   libucrt:common_utf8.obj
 0001:0001d2fc       ?return_illegal_sequence@__crt_mbstring@@YA_KPEAU_Mbstatet@@AEAV__crt_cached_ptd_host@@@Z 000000018001e2fc f   libucrt:common_utf8.obj
 0001:0001d310       ?__mbrtoc32_utf8@__crt_mbstring@@YA_KPEA_UPEBD_KPEAU_Mbstatet@@AEAV__crt_cached_ptd_host@@@Z 000000018001e310 f   libucrt:mbrtoc32.obj
 0001:0001d4ec       __dcrt_lowio_ensure_console_output_initialized 000000018001e4ec f   libucrt:initcon.obj
 0001:0001d540       __dcrt_terminate_console_output 000000018001e540 f   libucrt:initcon.obj
 0001:0001d55c       __dcrt_write_console       000000018001e55c f   libucrt:initcon.obj
 0001:0001d694       _close_internal            000000018001e694 f   libucrt:close.obj
 0001:0001d758       _close_nolock_internal     000000018001e758 f   libucrt:close.obj
 0001:0001d828       ?__acrt_stdio_free_stream@@YAXV__crt_stdio_stream@@@Z 000000018001e828 f   libucrt:stream.obj
 0001:0001d844       _clearfp                   000000018001e844 f   libucrt:ieee.obj
 0001:0001d8b4       _control87                 000000018001e8b4 f   libucrt:ieee.obj
 0001:0001dca0       _handle_error              000000018001eca0 f   libucrt:libm_error.obj
 0001:0001ddc8       _handle_nan                000000018001edc8 f   libucrt:libm_error.obj
 0001:0001ddf0       __acrt_initialize_fma3     000000018001edf0 f   libucrt:fma3_available.obj
 0001:0001de60       _log10_special             000000018001ee60 f   libucrt:log_special.obj
 0001:0001df30       _get_fpsr                  000000018001ef30 f   libucrt:fpsr.obj
 0001:0001df40       _set_fpsr                  000000018001ef40 f   libucrt:fpsr.obj
 0001:0001df4a       _fclrf                     000000018001ef4a f   libucrt:fpsr.obj
 0001:0001df5e       _frnd                      000000018001ef5e f   libucrt:fpsr.obj
 0001:0001df80       _raise_exc                 000000018001ef80 f   libucrt:fpexcept.obj
 0001:0001dfa8       _raise_exc_ex              000000018001efa8 f   libucrt:fpexcept.obj
 0001:0001e2b8       _set_errno_from_matherr    000000018001f2b8 f   libucrt:fpexcept.obj
 0001:0001e2e8       _clrfp                     000000018001f2e8 f   libucrt:fpctrl.obj
 0001:0001e308       _ctrlfp                    000000018001f308 f   libucrt:fpctrl.obj
 0001:0001e384       _set_statfp                000000018001f384 f   libucrt:fpctrl.obj
 0001:0001e3a4       _statfp                    000000018001f3a4 f   libucrt:fpctrl.obj
 0001:0001e3c0       _FindPESection             000000018001f3c0 f   LIBCMT:pesect.obj
 0001:0001e410       _IsNonwritableInCurrentImage 000000018001f410 f   LIBCMT:pesect.obj
 0001:0001e460       _ValidateImageBase         000000018001f460 f   LIBCMT:pesect.obj
 0001:0001e48c       __GSHandlerCheck           000000018001f48c f   LIBCMT:gshandler.obj
 0001:0001e4ac       __GSHandlerCheckCommon     000000018001f4ac f   LIBCMT:gshandler.obj
 0001:0001e520       __security_check_cookie    000000018001f520 f   LIBCMT:amdsecgs.obj
 0001:0001e540       __GSHandlerCheck_SEH       000000018001f540 f   LIBCMT:gshandlerseh.obj
 0001:0001e5c8       __raise_securityfailure    000000018001f5c8 f   LIBCMT:gs_report.obj
 0001:0001e5fc       __report_gsfailure         000000018001f5fc f   LIBCMT:gs_report.obj
 0001:0001e6d0       __report_rangecheckfailure 000000018001f6d0 f   LIBCMT:gs_report.obj
 0001:0001e6e4       __report_securityfailure   000000018001f6e4 f   LIBCMT:gs_report.obj
 0001:0001e880       __chkstk                   000000018001f880 f   LIBCMT:chkstk.obj
 0001:0001e880       _alloca_probe              000000018001f880 f   LIBCMT:chkstk.obj
 0001:0001e8d0       __GSHandlerCheck_EH        000000018001f8d0 f   LIBCMT:gshandlereh.obj
 0001:0001e950       __C_specific_handler_noexcept 000000018001f950 f   libvcruntime:chandler_noexcept.obj
 0001:0001e99c       strrchr                    000000018001f99c f   libvcruntime:strrchr.obj
 0001:0001eaf0       memcmp                     000000018001faf0 f   libvcruntime:memcmp.obj
 0001:0001ebd0       _guard_dispatch_icall_nop  000000018001fbd0 f   LIBCMT:guard_dispatch.obj
 0001:0001ebf0       _guard_xfg_dispatch_icall_nop 000000018001fbf0 f   LIBCMT:guard_xfg_dispatch.obj
 0002:00000000       __imp_LoadLibraryA         0000000180021000     kernel32:KERNEL32.dll
 0002:00000008       __imp_CloseHandle          0000000180021008     kernel32:KERNEL32.dll
 0002:00000010       __imp_RaiseException       0000000180021010     kernel32:KERNEL32.dll
[...]
 0002:0000abc0       $unwind$?fp_format_a@@YAHQEBNPEAD_KQEAD2H_NIW4__acrt_rounding_mode@@AEAV__crt_cached_ptd_host@@@Z 000000018002bbc0     libucrt:cvt.obj
 0002:0000abdc       $unwind$?fp_format_g@@YAHQEBNQEAD_K12H_NIW4__acrt_rounding_mode@@AEAV__crt_cached_ptd_host@@@Z 000000018002bbdc     libucrt:cvt.obj
 0002:0000abf4       $unwind$_wctomb_internal   000000018002bbf4     libucrt:wctomb.obj
 0002:0000ac08       $unwind$??$?RV<lambda_410d79af7f07d98d83a3f525b3859a53>@@AEAV<lambda_3e16ef9562a7dcce91392c22ab16ea36>@@V<lambda_38119f0e861e05405d8a144b9b982f0a>@@@?$__crt_seh_guarded_call@X@@QEAAX$$QEAV<lambda_410d79af7f07d98d83a3f525b3859a53>@@AEAV<lambda_3e16ef9562a7dcce91392c22ab16ea36>@@$$QEAV<lambda_38119f0e861e05405d8a144b9b982f0a>@@@Z 000000018002bc08     libucrt:wsetlocale.obj
 0002:0000ac30       $unwind$_isctype_l         000000018002bc30     libucrt:isctype.obj
 0002:0000ac4c       $unwind$__acrt_update_thread_locale_data 000000018002bc4c     libucrt:locale_refcounting.obj
 0002:0000ac70       $unwind$qsort              000000018002bc70     libucrt:qsort.obj
 0002:0000ac88       $chain$4$qsort             000000018002bc88     libucrt:qsort.obj
 0002:0000acac       $chain$5$qsort             000000018002bcac     libucrt:qsort.obj
 0002:0000acbc       $unwind$strpbrk            000000018002bcbc     libucrt:strpbrk.obj
 0002:0000accc       $unwind$fallbackMethod     000000018002bccc     libucrt:strpbrk.obj
 0002:0000acdc       $unwind$__acrt_GetStringTypeA 000000018002bcdc     libucrt:getstringtypea.obj
 0002:0000ad04       $unwind$__acrt_LCMapStringA 000000018002bd04     libucrt:lcmapstringa.obj
 0002:0000ad14       $unwind$?__acrt_LCMapStringA_stat@@YAHPEAU__crt_locale_pointers@@PEB_WKPEBDHPEADHHH@Z 000000018002bd14     libucrt:lcmapstringa.obj
 0002:0000ad3c       $unwind$__acrt_lowio_destroy_handle_array 000000018002bd3c     libucrt:osfinfo.obj
 0002:0000ad4c       $unwind$__acrt_lowio_ensure_fh_exists 000000018002bd4c     libucrt:osfinfo.obj
 0002:0000ad78       $unwind$_commit            000000018002bd78     libucrt:commit.obj
 0002:0000ad80       $unwind$??$?RV<lambda_a37b2b86f63e897a80ea819b0eb08c01>@@AEAV<lambda_38ce7e780aa69e748d6df282ebc68efe>@@V<lambda_99fb1378e971ab6e7edea83e3a7a83a2>@@@?$__crt_seh_guarded_call@H@@QEAAH$$QEAV<lambda_a37b2b86f63e897a80ea819b0eb08c01>@@AEAV<lambda_38ce7e780aa69e748d6df282ebc68efe>@@$$QEAV<lambda_99fb1378e971ab6e7edea83e3a7a83a2>@@@Z 000000018002bd80     libucrt:commit.obj
 0002:0000ada4       $unwind$_write_nolock      000000018002bda4     libucrt:write.obj
 0002:0000adbc       $unwind$_write_internal    000000018002bdbc     libucrt:write.obj
 0002:0000adec       $unwind$?write_double_translated_ansi_nolock@@YA?AUwrite_result@?A0x17268360@@HQEBDIAEAV__crt_cached_ptd_host@@@Z 000000018002bdec     libucrt:write.obj
 0002:0000ae18       $ip2state$?write_double_translated_ansi_nolock@@YA?AUwrite_result@?A0x17268360@@HQEBDIAEAV__crt_cached_ptd_host@@@Z 000000018002be18     libucrt:write.obj
 0002:0000ae20       $unwind$?write_text_ansi_nolock@@YA?AUwrite_result@?A0x17268360@@HQEBDI@Z 000000018002be20     libucrt:write.obj
 0002:0000ae20       $unwind$?write_text_utf16le_nolock@@YA?AUwrite_result@?A0x17268360@@HQEBDI@Z 000000018002be20     libucrt:write.obj
 0002:0000ae40       $unwind$?write_text_utf8_nolock@@YA?AUwrite_result@?A0x17268360@@HQEBDI@Z 000000018002be40     libucrt:write.obj
 0002:0000ae64       $unwind$_fcloseall         000000018002be64     libucrt:closeall.obj
 0002:0000ae88       $unwind$__acrt_fp_strflt_to_string 000000018002be88     libucrt:_fptostr.obj
 0002:0000aea4       $unwind$__acrt_fltout      000000018002bea4     libucrt:cfout.obj
 0002:0000aec4       $unwind$?divide@__crt_strtox@@YA_KAEAUbig_integer@1@AEBU21@@Z 000000018002bec4     libucrt:cfout.obj
 0002:0000aedc       $chain$0$?divide@__crt_strtox@@YA_KAEAUbig_integer@1@AEBU21@@Z 000000018002bedc     libucrt:cfout.obj
 0002:0000aef0       $chain$1$?divide@__crt_strtox@@YA_KAEAUbig_integer@1@AEBU21@@Z 000000018002bef0     libucrt:cfout.obj
 0002:0000af00       $unwind$?__mbsrtowcs_utf8@__crt_mbstring@@YA_KPEA_WPEAPEBD_KPEAU_Mbstatet@@AEAV__crt_cached_ptd_host@@@Z 000000018002bf00     libucrt:mbrtowc.obj
 0002:0000af18       $unwind$__acrt_locale_free_monetary 000000018002bf18     libucrt:initmon.obj
 0002:0000af20       $unwind$__acrt_locale_free_time 000000018002bf20     libucrt:inittime.obj
 0002:0000af30       $unwind$_putwch_nolock     000000018002bf30     libucrt:putwch.obj
 0002:0000af38       $unwind$?_fclose_nolock_internal@@YAHQEAU_iobuf@@AEAV__crt_cached_ptd_host@@@Z 000000018002bf38     libucrt:fclose.obj
 0002:0000af48       $unwind$?_fclose_internal@@YAHQEAU_iobuf@@AEAV__crt_cached_ptd_host@@@Z 000000018002bf48     libucrt:fclose.obj
 0002:0000af70       $xdatasym                  000000018002bf70     libucrt:log10.obj
 0002:0000af7c       $unwind$__acrt_fenv_set_control 000000018002bf7c     libucrt:_fenvutils.obj
 0002:0000af8c       $unwind$?__mbrtoc32_utf8@__crt_mbstring@@YA_KPEA_UPEBD_KPEAU_Mbstatet@@AEAV__crt_cached_ptd_host@@@Z 000000018002bf8c     libucrt:mbrtoc32.obj
 0002:0000afa8       $unwind$_close_internal    000000018002bfa8     libucrt:close.obj
 0002:0000afb0       $unwind$??$?RV<lambda_ad8af0d99a0adf03d037d7dffe354bb5>@@AEAV<lambda_c9ba49e555ba839a7b07aa3fbecb7617>@@V<lambda_2f1ebd5d68526518146ae959c9e734c8>@@@?$__crt_seh_guarded_call@H@@QEAAH$$QEAV<lambda_ad8af0d99a0adf03d037d7dffe354bb5>@@AEAV<lambda_c9ba49e555ba839a7b07aa3fbecb7617>@@$$QEAV<lambda_2f1ebd5d68526518146ae959c9e734c8>@@@Z 000000018002bfb0     libucrt:close.obj
 0002:0000afd4       $unwind$common_control87   000000018002bfd4     libucrt:ieee.obj
 0002:0000b000       $unwind$_call_matherr      000000018002c000     libucrt:libm_error.obj
 0002:0000b008       $unwind$_handle_error      000000018002c008     libucrt:libm_error.obj
 0002:0000b028       $unwind$__acrt_initialize_fma3 000000018002c028     libucrt:fma3_available.obj
 0002:0000b030       $unwind$_log_special_common 000000018002c030     libucrt:log_special.obj
 0002:0000b040       $xdatasym                  000000018002c040     libucrt:fpsr.obj
 0002:0000b048       $unwind$_raise_exc_ex      000000018002c048     libucrt:fpexcept.obj
 0002:0000b05c       $unwind$_ctrlfp            000000018002c05c     libucrt:fpctrl.obj
 0002:0000b084       $unwind$_IsNonwritableInCurrentImage 000000018002c084     LIBCMT:pesect.obj
 0002:0000b0a8       $unwind$__GSHandlerCheckCommon 000000018002c0a8     LIBCMT:gshandler.obj
 0002:0000b0b0       $xdatasym                  000000018002c0b0     LIBCMT:amdsecgs.obj
 0002:0000b0b4       $unwind$__report_securityfailure 000000018002c0b4     LIBCMT:gs_report.obj
 0002:0000b0bc       $unwind$__report_gsfailure 000000018002c0bc     LIBCMT:gs_report.obj
 0002:0000b0c4       $unwind$capture_current_context 000000018002c0c4     LIBCMT:gs_report.obj
 0002:0000b0d0       $unwind$capture_previous_context 000000018002c0d0     LIBCMT:gs_report.obj
 0002:0000b0e0       $xdatasym                  000000018002c0e0     LIBCMT:chkstk.obj
 0002:0000b0e8       $unwind$strrchr            000000018002c0e8     libvcruntime:strrchr.obj
 0002:0000b0f0       $xdatasym                  000000018002c0f0     libvcruntime:memcmp.obj
 0002:0000b610       .edata                     000000018002c610     PhysXCooking_64.exp
 0002:0000b638       rgpv                       000000018002c638     PhysXCooking_64.exp
 0002:0000b720       rgszName                   000000018002c720     PhysXCooking_64.exp
 0002:0000b808       rgwOrd                     000000018002c808     PhysXCooking_64.exp
 0002:0000b87c       szName                     000000018002c87c     PhysXCooking_64.exp
 0002:0000b890       $N00001                    000000018002c890     PhysXCooking_64.exp
 0002:0000b8b4       $N00002                    000000018002c8b4     PhysXCooking_64.exp
 0002:0000b8e3       $N00003                    000000018002c8e3     PhysXCooking_64.exp
 0002:0000b90a       $N00004                    000000018002c90a     PhysXCooking_64.exp
 0002:0000b961       $N00005                    000000018002c961     PhysXCooking_64.exp
 0002:0000b98c       $N00006                    000000018002c98c     PhysXCooking_64.exp
 0002:0000b9b2       $N00007                    000000018002c9b2     PhysXCooking_64.exp
 0002:0000b9d1       $N00008                    000000018002c9d1     PhysXCooking_64.exp
 0002:0000b9f5       $N00009                    000000018002c9f5     PhysXCooking_64.exp
 0002:0000ba1c       $N00010                    000000018002ca1c     PhysXCooking_64.exp
 0002:0000ba45       $N00011                    000000018002ca45     PhysXCooking_64.exp
 0002:0000ba64       $N00012                    000000018002ca64     PhysXCooking_64.exp
 0002:0000ba97       $N00013                    000000018002ca97     PhysXCooking_64.exp
 0002:0000bacd       $N00014                    000000018002cacd     PhysXCooking_64.exp
 0002:0000bb05       $N00015                    000000018002cb05     PhysXCooking_64.exp
 0002:0000bb37       $N00016                    000000018002cb37     PhysXCooking_64.exp
 0002:0000bb63       $N00017                    000000018002cb63     PhysXCooking_64.exp
 0002:0000bb7f       $N00018                    000000018002cb7f     PhysXCooking_64.exp
 0002:0000bba9       $N00019                    000000018002cba9     PhysXCooking_64.exp
 0002:0000bbe5       $N00020                    000000018002cbe5     PhysXCooking_64.exp
 0002:0000bc20       $N00021                    000000018002cc20     PhysXCooking_64.exp
 0002:0000bc5b       $N00022                    000000018002cc5b     PhysXCooking_64.exp
 0002:0000bc90       $N00023                    000000018002cc90     PhysXCooking_64.exp
 0002:0000bccc       $N00024                    000000018002cccc     PhysXCooking_64.exp
 0002:0000bcff       $N00025                    000000018002ccff     PhysXCooking_64.exp
 0002:0000bd32       $N00026                    000000018002cd32     PhysXCooking_64.exp
 0002:0000bd6c       $N00027                    000000018002cd6c     PhysXCooking_64.exp
 0002:0000bda6       $N00028                    000000018002cda6     PhysXCooking_64.exp
 0002:0000bdd3       $N00029                    000000018002cdd3     PhysXCooking_64.exp
 0002:0000be06       $N00030                    000000018002ce06     PhysXCooking_64.exp
 0002:0000be34       $N00031                    000000018002ce34     PhysXCooking_64.exp
 0002:0000be61       $N00032                    000000018002ce61     PhysXCooking_64.exp
 0002:0000be9d       $N00033                    000000018002ce9d     PhysXCooking_64.exp
 0002:0000beda       $N00034                    000000018002ceda     PhysXCooking_64.exp
 0002:0000bf0a       $N00035                    000000018002cf0a     PhysXCooking_64.exp
 0002:0000bf21       $N00036                    000000018002cf21     PhysXCooking_64.exp
 0002:0000bf3c       $N00037                    000000018002cf3c     PhysXCooking_64.exp
 0002:0000bf53       $N00038                    000000018002cf53     PhysXCooking_64.exp
 0002:0000bf69       $N00039                    000000018002cf69     PhysXCooking_64.exp
 0002:0000bf80       $N00040                    000000018002cf80     PhysXCooking_64.exp
 0002:0000bf98       $N00041                    000000018002cf98     PhysXCooking_64.exp
 0002:0000bfa2       $N00042                    000000018002cfa2     PhysXCooking_64.exp
 0002:0000bfb3       $N00043                    000000018002cfb3     PhysXCooking_64.exp
 0002:0000bfc5       $N00044                    000000018002cfc5     PhysXCooking_64.exp
 0002:0000bfd8       $N00045                    000000018002cfd8     PhysXCooking_64.exp
 0002:0000bfee       $N00046                    000000018002cfee     PhysXCooking_64.exp
 0002:0000c001       $N00047                    000000018002d001     PhysXCooking_64.exp
 0002:0000c00d       $N00048                    000000018002d00d     PhysXCooking_64.exp
 0002:0000c021       $N00049                    000000018002d021     PhysXCooking_64.exp
 0002:0000c034       $N00050                    000000018002d034     PhysXCooking_64.exp
 0002:0000c048       $N00051                    000000018002d048     PhysXCooking_64.exp
 0002:0000c05d       $N00052                    000000018002d05d     PhysXCooking_64.exp
 0002:0000c075       $N00053                    000000018002d075     PhysXCooking_64.exp
 0002:0000c08a       $N00054                    000000018002d08a     PhysXCooking_64.exp
 0002:0000c0a7       $N00055                    000000018002d0a7     PhysXCooking_64.exp
 0002:0000c0c8       $N00056                    000000018002d0c8     PhysXCooking_64.exp
 0002:0000c0e7       $N00057                    000000018002d0e7     PhysXCooking_64.exp
 0002:0000c0fc       $N00058                    000000018002d0fc     PhysXCooking_64.exp
 0002:0000c3d0       .idata$6                   000000018002d3d0     kernel32:KERNEL32.dll
 0003:00000040       ?prefix@?1??getDimension@UnDecorator@@CA?AVDName@@_N@Z@4UStringLiteral@@A 000000018002e040     libvcruntime:undname.obj
 0003:00000050       ?__vcrt_flsindex@@3KA      000000018002e050     libvcruntime:per_thread_data.obj
 0003:00000070       ?__acrt_flsindex@@3KA      000000018002e070     libucrt:per_thread_data.obj
 0003:00000074       ?errno_no_memory@@3HA      000000018002e074     libucrt:errno.obj
 0003:00000078       ?doserrno_no_memory@@3KA   000000018002e078     libucrt:errno.obj
 0003:000002b0       _mbctypes                  000000018002e2b0     libucrt:mbctype.obj
 0003:000003c0       _mbcasemaps                000000018002e3c0     libucrt:mbctype.obj
 0003:000004c0       ?__rgctypeflag@@3PADA      000000018002e4c0     libucrt:mbctype.obj
 0003:000004d0       ?__rgcode_page_info@@3PAUcode_page_info@@A 000000018002e4d0     libucrt:mbctype.obj
 0003:000009e0       ?__dcrt_lowio_console_output_handle@@3PEAXEA 000000018002e9e0     libucrt:initcon.obj
 0003:000009e8       ?dazSupported@?1??common_control87@@9@9 000000018002e9e8     libucrt:ieee.obj
 0003:000009f0       ?dazSupported@?1??_ctrlfp@@9@9 000000018002e9f0     libucrt:fpctrl.obj
 0003:00000cb0       ?maxV3Error@vecMathTests@aos@physx@@3T__m128@@B 000000018002ecb0     Cooking.obj
 0003:00000cc0       ?minFError@vecMathTests@aos@physx@@3T__m128@@B 000000018002ecc0     Cooking.obj
 0003:00000cd0       ?maxV4Error@vecMathTests@aos@physx@@3T__m128@@B 000000018002ecd0     Cooking.obj
 0003:00000ce0       ?minV4Error@vecMathTests@aos@physx@@3T__m128@@B 000000018002ece0     Cooking.obj
 0003:00000cf0       ?minV3Error@vecMathTests@aos@physx@@3T__m128@@B 000000018002ecf0     Cooking.obj
 0003:00000d00       ?maxFError@vecMathTests@aos@physx@@3T__m128@@B 000000018002ed00     Cooking.obj
 0003:00000d10       ?gCookingDelayLoadHook@@3PEBVPxDelayLoadHook@physx@@EB 000000018002ed10     WindowsCookingDelayLoadHook.obj
 0003:00000d70       ?__proc_attached@@3HA      000000018002ed70     LIBCMT:dll_dllmain.obj
 0003:00000d98       ?is_initialized_as_dll@@3_NA 000000018002ed98     LIBCMT:utility.obj
 0003:00000d99       ?module_local_atexit_table_initialized@@3_NA 000000018002ed99     LIBCMT:utility.obj
 0003:00000da0       ?module_local_atexit_table@@3U_onexit_table_t@@A 000000018002eda0     LIBCMT:utility.obj
 0003:00000db8       ?module_local_at_quick_exit_table@@3U_onexit_table_t@@A 000000018002edb8     LIBCMT:utility.obj
 0003:00000e28       ?heap@@3V_HeapManager@@A   000000018002ee28     libvcruntime:undname.obj
 0003:00000e50       ?__vcrt_startup_thread_ptd@@3U__vcrt_ptd@@A 000000018002ee50     libvcruntime:per_thread_data.obj
 0003:00000ed0       __vcrt_lock_table          000000018002eed0     libvcruntime:locks.obj
 0003:00000ef8       __vcrt_locks_initialized   000000018002eef8     libvcruntime:locks.obj
 0003:00000f00       ?module_handles@@3PAPEAUHINSTANCE__@@A 000000018002ef00     libvcruntime:winapi_downlevel.obj
 0003:00000f18       ?function_pointers@@3PAPEAXA 000000018002ef18     libvcruntime:winapi_downlevel.obj
 0003:00000f40       ?c_termination_complete@@3JA 000000018002ef40     libucrt:exit.obj
 0003:00000f48       ?thread_local_exit_callback_func@@3P6AXPEAXK0@ZEA 000000018002ef48     libucrt:exit.obj
 0003:00000f60       ?program_name@?1???$common_configure_argv@D@@YAHW4_crt_argv_mode@@@Z@4PADA 000000018002ef60     libucrt:argv_parsing.obj
 0003:000010c0       ?__acrt_lock_table@@3PAU_RTL_CRITICAL_SECTION@@A 000000018002f0c0     libucrt:locks.obj
 0003:000012f0       ?__acrt_locks_initialized@@3IA 000000018002f2f0     libucrt:locks.obj
 0003:000012f8       ?__acrt_invalid_parameter_handler@@3V?$dual_state_global@P6AXPEB_W00I_K@Z@__crt_state_management@@A 000000018002f2f8     libucrt:invalid_parameter.obj
 0003:00001318       ?fSystemSet@@3HA           000000018002f318     libucrt:mbctype.obj
 0003:0000131c       ?initialized@?1??__acrt_initialize_multibyte@@9@4_NA 000000018002f31c     libucrt:mbctype.obj
 0003:00001350       ?module_handles@@3PAPEAUHINSTANCE__@@A 000000018002f350     libucrt:winapi_thunks.obj
 0003:000013f0       ?encoded_function_pointers@@3PAPEAXA 000000018002f3f0     libucrt:winapi_thunks.obj
 0003:000018f8       ?__acrt_new_handler@@3V?$dual_state_global@P6AH_K@Z@__crt_state_management@@A 000000018002f8f8     libucrt:new_handler.obj
 0003:00001900       ?ctrlc_action@@3V?$dual_state_global@P6AXH@Z@__crt_state_management@@A 000000018002f900     libucrt:signal.obj
 0003:00001908       ?ctrlbreak_action@@3V?$dual_state_global@P6AXH@Z@__crt_state_management@@A 000000018002f908     libucrt:signal.obj
 0003:00001910       ?abort_action@@3V?$dual_state_global@P6AXH@Z@__crt_state_management@@A 000000018002f910     libucrt:signal.obj
 0003:00001918       ?term_action@@3V?$dual_state_global@P6AXH@Z@__crt_state_management@@A 000000018002f918     libucrt:signal.obj
 0003:00001920       ?user_matherr@@3V?$dual_state_global@P6AHPEAU_exception@@@Z@__crt_state_management@@A 000000018002f920     libucrt:matherr.obj
 0003:00001950       ?internal_state@?1??_mbtowc_internal@@9@4U_Mbstatet@@A 000000018002f950     libucrt:mbtowc.obj
 0003:00001958       ?enable_percent_n@@3_KA    000000018002f958     libucrt:printf_count_output.obj
 0003:00001964       ?__acrt_global_new_mode@@3V?$dual_state_global@J@__crt_state_management@@A 000000018002f964     libucrt:new_mode.obj
 0003:00001970       ?__acrt_app_type@@3W4_crt_app_type@@A 000000018002f970     libucrt:report_runtime_error.obj
 0003:00001978       ?internal_pst@?1??__mbrtoc32_utf8@__crt_mbstring@@YA_KPEA_UPEBD_KPEAU_Mbstatet@@AEAV__crt_cached_ptd_host@@@Z@4U3@A 000000018002f978     libucrt:mbrtoc32.obj
 0003:00001990       GS_ExceptionRecord         000000018002f990     LIBCMT:gs_report.obj
 0003:00001a30       GS_ContextRecord           000000018002fa30     LIBCMT:gs_report.obj
 0005:00000000       SetSmall                   0000000180032000     libvcruntime:memset.obj
 0005:00000040       SetSmallYmm                0000000180032040     libvcruntime:memset.obj
 0005:00000064       SetSmallYmmNT              0000000180032064     libvcruntime:memset.obj
 0005:00000088       SetSmallXmm                0000000180032088     libvcruntime:memset.obj
 0005:000000b0       MoveSmall                  00000001800320b0     libvcruntime:memcpy.obj
 0005:000000f0       MoveSmallYmm               00000001800320f0     libvcruntime:memcpy.obj
 0005:00000114       MoveSmallYmmNT             0000000180032114     libvcruntime:memcpy.obj
 0005:00000138       MoveSmallXmm               0000000180032138     libvcruntime:memcpy.obj
 0006:000000a0       $R000000                   00000001800330a0     PhysXCooking.res
 0006:000003d0       $R000330                   00000001800333d0     PhysXCooking.res
